Component: ARM Compiler 5.06 update 6 (build 750) Tool: armlink [4d35ed]

==============================================================================

Section Cross References

    startup_stm32f103xe.o(RESET) refers to startup_stm32f103xe.o(STACK) for __initial_sp
    startup_stm32f103xe.o(RESET) refers to startup_stm32f103xe.o(.text) for Reset_Handler
    startup_stm32f103xe.o(RESET) refers to stm32f1xx_it.o(i.NMI_Handler) for NMI_Handler
    startup_stm32f103xe.o(RESET) refers to stm32f1xx_it.o(i.HardFault_Handler) for HardFault_Handler
    startup_stm32f103xe.o(RESET) refers to stm32f1xx_it.o(i.MemManage_Handler) for MemManage_Handler
    startup_stm32f103xe.o(RESET) refers to stm32f1xx_it.o(i.BusFault_Handler) for BusFault_Handler
    startup_stm32f103xe.o(RESET) refers to stm32f1xx_it.o(i.UsageFault_Handler) for UsageFault_Handler
    startup_stm32f103xe.o(RESET) refers to port.o(.emb_text) for SVC_Handler
    startup_stm32f103xe.o(RESET) refers to stm32f1xx_it.o(i.DebugMon_Handler) for DebugMon_Handler
    startup_stm32f103xe.o(RESET) refers to port.o(i.SysTick_Handler) for SysTick_Handler
    startup_stm32f103xe.o(RESET) refers to stm32f1xx_it.o(i.USART1_IRQHandler) for USART1_IRQHandler
    startup_stm32f103xe.o(RESET) refers to stm32f1xx_it.o(i.USART2_IRQHandler) for USART2_IRQHandler
    startup_stm32f103xe.o(RESET) refers to stm32f1xx_it.o(i.TIM6_IRQHandler) for TIM6_IRQHandler
    startup_stm32f103xe.o(.text) refers to system_stm32f1xx.o(i.SystemInit) for SystemInit
    startup_stm32f103xe.o(.text) refers to entry.o(.ARM.Collect$$$$00000000) for __main
    main.o(i.HAL_TIM_PeriodElapsedCallback) refers to stm32f1xx_hal.o(i.HAL_IncTick) for HAL_IncTick
    main.o(i.SystemClock_Config) refers to memseta.o(.text) for __aeabi_memclr4
    main.o(i.SystemClock_Config) refers to stm32f1xx_hal_rcc.o(i.HAL_RCC_OscConfig) for HAL_RCC_OscConfig
    main.o(i.SystemClock_Config) refers to stm32f1xx_hal_rcc.o(i.HAL_RCC_ClockConfig) for HAL_RCC_ClockConfig
    main.o(i.main) refers to stm32f1xx_hal.o(i.HAL_Init) for HAL_Init
    main.o(i.main) refers to main.o(i.SystemClock_Config) for SystemClock_Config
    main.o(i.main) refers to gpio.o(i.MX_GPIO_Init) for MX_GPIO_Init
    main.o(i.main) refers to usart.o(i.MX_USART3_UART_Init) for MX_USART3_UART_Init
    main.o(i.main) refers to usart.o(i.MX_USART1_UART_Init) for MX_USART1_UART_Init
    main.o(i.main) refers to usart.o(i.MX_USART2_UART_Init) for MX_USART2_UART_Init
    main.o(i.main) refers to cmsis_os2.o(i.osKernelInitialize) for osKernelInitialize
    main.o(i.main) refers to freertos.o(i.MX_FREERTOS_Init) for MX_FREERTOS_Init
    main.o(i.main) refers to cmsis_os2.o(i.osKernelStart) for osKernelStart
    gpio.o(i.MX_GPIO_Init) refers to stm32f1xx_hal_gpio.o(i.HAL_GPIO_WritePin) for HAL_GPIO_WritePin
    gpio.o(i.MX_GPIO_Init) refers to stm32f1xx_hal_gpio.o(i.HAL_GPIO_Init) for HAL_GPIO_Init
    freertos.o(i.Func_PrintCtrl) refers to tasks.o(i.ulTaskNotifyTake) for ulTaskNotifyTake
    freertos.o(i.Func_PrintCtrl) refers to port.o(i.vPortEnterCritical) for vPortEnterCritical
    freertos.o(i.Func_PrintCtrl) refers to memmovea.o(.text) for __aeabi_memcpy4
    freertos.o(i.Func_PrintCtrl) refers to dp_print_lib.o(i.EM5820_printData) for EM5820_printData
    freertos.o(i.Func_PrintCtrl) refers to printfa.o(i.__0printf) for __2printf
    freertos.o(i.Func_PrintCtrl) refers to port.o(i.vPortExitCritical) for vPortExitCritical
    freertos.o(i.Func_PrintCtrl) refers to tasks.o(i.vTaskDelay) for vTaskDelay
    freertos.o(i.Func_PrintCtrl) refers to esp8266.o(.bss) for order
    freertos.o(i.Func_PrintCtrl) refers to uart.o(.data) for ESP8266_point
    freertos.o(i.Func_UsartRX) refers to strcmp.o(.text) for strcmp
    freertos.o(i.Func_UsartRX) refers to printfa.o(i.__0printf) for __2printf
    freertos.o(i.Func_UsartRX) refers to port.o(i.vPortEnterCritical) for vPortEnterCritical
    freertos.o(i.Func_UsartRX) refers to esp8266.o(i.ESP8266_DataParse) for ESP8266_DataParse
    freertos.o(i.Func_UsartRX) refers to tasks.o(i.xTaskGetHandle) for xTaskGetHandle
    freertos.o(i.Func_UsartRX) refers to tasks.o(i.xTaskGenericNotify) for xTaskGenericNotify
    freertos.o(i.Func_UsartRX) refers to port.o(i.vPortExitCritical) for vPortExitCritical
    freertos.o(i.Func_UsartRX) refers to cmsis_os2.o(i.osDelay) for osDelay
    freertos.o(i.Func_UsartRX) refers to uart.o(.data) for ESP8266_point
    freertos.o(i.Func_UsartRX) refers to freertos.o(.constdata) for .constdata
    freertos.o(i.MX_FREERTOS_Init) refers to stm32f1xx_hal_uart.o(i.HAL_UARTEx_ReceiveToIdle_IT) for HAL_UARTEx_ReceiveToIdle_IT
    freertos.o(i.MX_FREERTOS_Init) refers to dp_print_lib.o(i.EM5820_init) for EM5820_init
    freertos.o(i.MX_FREERTOS_Init) refers to cmsis_os2.o(i.osThreadNew) for osThreadNew
    freertos.o(i.MX_FREERTOS_Init) refers to uart.o(.bss) for rxdata_buff_8266
    freertos.o(i.MX_FREERTOS_Init) refers to usart.o(.bss) for huart2
[...]
    pxEnd                                    0x20000070   Data           4  heap_4.o(.data)
    xFreeBytesRemaining                      0x20000074   Data           4  heap_4.o(.data)
    xMinimumEverFreeBytesRemaining           0x20000078   Data           4  heap_4.o(.data)
    xBlockAllocatedBit                       0x2000007c   Data           4  heap_4.o(.data)
    xStart                                   0x20000080   Data           8  heap_4.o(.data)
    .data                                    0x20000088   Section       12  port.o(.data)
    ucMaxSysCallPriority                     0x20000088   Data           1  port.o(.data)
    uxCriticalNesting                        0x2000008c   Data           4  port.o(.data)
    ulMaxPRIGROUPValue                       0x20000090   Data           4  port.o(.data)
    .data                                    0x20000094   Section    10244  uart.o(.data)
    .data                                    0x20002898   Section        1  dp_print_lib.o(.data)
    gucCheckPassWord                         0x20002898   Data           1  dp_print_lib.o(.data)
    .data                                    0x2000289a   Section    15164  utf2gbk2312.o(.data)
    .data                                    0x200063d8   Section       24  value.o(.data)
    the_true                                 0x200063d8   Data           8  value.o(.data)
    the_false                                0x200063e0   Data           8  value.o(.data)
    the_null                                 0x200063e8   Data           8  value.o(.data)
    .data                                    0x200063f0   Section        8  memory.o(.data)
    do_malloc                                0x200063f0   Data           4  memory.o(.data)
    do_free                                  0x200063f4   Data           4  memory.o(.data)
    .data                                    0x200063f8   Section        4  hashtable_seed.o(.data)
    .data                                    0x200063fc   Section        4  errno.o(.data)
    _errno                                   0x200063fc   Data           4  errno.o(.data)
    .data                                    0x20006400   Section        4  stdout.o(.data)
    .data                                    0x20006404   Section        4  mvars.o(.data)
    .data                                    0x20006408   Section        4  mvars.o(.data)
    .bss                                     0x2000640c   Section      216  usart.o(.bss)
    .bss                                     0x200064e4   Section       72  stm32f1xx_hal_timebase_tim.o(.bss)
    .bss                                     0x2000652c   Section       64  queue.o(.bss)
    .bss                                     0x2000656c   Section     1220  tasks.o(.bss)
    pxReadyTasksLists                        0x2000656c   Data        1120  tasks.o(.bss)
    xDelayedTaskList1                        0x200069cc   Data          20  tasks.o(.bss)
    xDelayedTaskList2                        0x200069e0   Data          20  tasks.o(.bss)
    xPendingReadyList                        0x200069f4   Data          20  tasks.o(.bss)
    xTasksWaitingTermination                 0x20006a08   Data          20  tasks.o(.bss)
    xSuspendedTaskList                       0x20006a1c   Data          20  tasks.o(.bss)
    .bss                                     0x20006a30   Section      280  timers.o(.bss)
    xActiveTimerList1                        0x20006a30   Data          20  timers.o(.bss)
    xActiveTimerList2                        0x20006a44   Data          20  timers.o(.bss)
    xStaticTimerQueue                        0x20006a58   Data          80  timers.o(.bss)
    ucStaticTimerQueueStorage                0x20006aa8   Data         160  timers.o(.bss)
    .bss                                     0x20006b48   Section     1720  cmsis_os2.o(.bss)
    Idle_TCB                                 0x20006b48   Data          92  cmsis_os2.o(.bss)
    Idle_Stack                               0x20006ba4   Data         512  cmsis_os2.o(.bss)
    Timer_TCB                                0x20006da4   Data          92  cmsis_os2.o(.bss)
    Timer_Stack                              0x20006e00   Data        1024  cmsis_os2.o(.bss)
    .bss                                     0x20007200   Section     7000  heap_4.o(.bss)
    ucHeap                                   0x20007200   Data        7000  heap_4.o(.bss)
    .bss                                     0x20008d58   Section     1024  uart.o(.bss)
    .bss                                     0x20009158   Section     3572  esp8266.o(.bss)
    HEAP                                     0x20009f50   Section    16384  startup_stm32f103xe.o(HEAP)
    STACK                                    0x2000df50   Section     8192  startup_stm32f103xe.o(STACK)

    Global Symbols

    Symbol Name                              Value     Ov Type        Size  Object(Section)

    BuildAttributes$$THM_ISAv4$P$D$K$B$S$PE$A:L22UL41UL21$X:L11$S22US41US21$IEEE1$IW$USESV6$~STKCKD$USESV7$~SHL$OTIME$ROPI$IEEEJ$EBA8$MICROLIB$REQ8$PRES8$EABIv2 0x00000000   Number         0  anon$$obj.o ABSOLUTE
    __ARM_use_no_argv                        0x00000000   Number         0  main.o ABSOLUTE
    _printf_a                                0x00000000   Number         0  stubs.o ABSOLUTE
    _printf_c                                0x00000000   Number         0  stubs.o ABSOLUTE
    _printf_charcount                        0x00000000   Number         0  stubs.o ABSOLUTE
    _printf_d                                0x00000000   Number         0  stubs.o ABSOLUTE
    _printf_e                                0x00000000   Number         0  stubs.o ABSOLUTE
    _printf_f                                0x00000000   Number         0  stubs.o ABSOLUTE
    _printf_flags                            0x00000000   Number         0  stubs.o ABSOLUTE
    _printf_fp_dec                           0x00000000   Number         0  stubs.o ABSOLUTE
    _printf_fp_hex                           0x00000000   Number         0  stubs.o ABSOLUTE
    _printf_g                                0x00000000   Number         0  stubs.o ABSOLUTE
    _printf_i                                0x00000000   Number         0  stubs.o ABSOLUTE
    _printf_int_dec                          0x00000000   Number         0  stubs.o ABSOLUTE
    _printf_l                                0x00000000   Number         0  stubs.o ABSOLUTE
    _printf_lc                               0x00000000   Number         0  stubs.o ABSOLUTE
    _printf_ll                               0x00000000   Number         0  stubs.o ABSOLUTE
    _printf_lld                              0x00000000   Number         0  stubs.o ABSOLUTE
    _printf_lli                              0x00000000   Number         0  stubs.o ABSOLUTE
    _printf_llo                              0x00000000   Number         0  stubs.o ABSOLUTE
    _printf_llu                              0x00000000   Number         0  stubs.o ABSOLUTE
    _printf_llx                              0x00000000   Number         0  stubs.o ABSOLUTE
    _printf_longlong_dec                     0x00000000   Number         0  stubs.o ABSOLUTE
    _printf_longlong_hex                     0x00000000   Number         0  stubs.o ABSOLUTE
    _printf_longlong_oct                     0x00000000   Number         0  stubs.o ABSOLUTE
    _printf_ls                               0x00000000   Number         0  stubs.o ABSOLUTE
    _printf_mbtowc                           0x00000000   Number         0  stubs.o ABSOLUTE
    _printf_n                                0x00000000   Number         0  stubs.o ABSOLUTE
    _printf_o                                0x00000000   Number         0  stubs.o ABSOLUTE
    _printf_p                                0x00000000   Number         0  stubs.o ABSOLUTE
    _printf_percent                          0x00000000   Number         0  stubs.o ABSOLUTE
    _printf_pre_padding                      0x00000000   Number         0  stubs.o ABSOLUTE
    _printf_return_value                     0x00000000   Number         0  stubs.o ABSOLUTE
    _printf_s                                0x00000000   Number         0  stubs.o ABSOLUTE
    _printf_sizespec                         0x00000000   Number         0  stubs.o ABSOLUTE
    _printf_str                              0x00000000   Number         0  stubs.o ABSOLUTE
    _printf_truncate_signed                  0x00000000   Number         0  stubs.o ABSOLUTE
    _printf_truncate_unsigned                0x00000000   Number         0  stubs.o ABSOLUTE
    _printf_u                                0x00000000   Number         0  stubs.o ABSOLUTE
    _printf_wc                               0x00000000   Number         0  stubs.o ABSOLUTE
    _printf_wctomb                           0x00000000   Number         0  stubs.o ABSOLUTE
    _printf_widthprec                        0x00000000   Number         0  stubs.o ABSOLUTE
    _printf_x                                0x00000000   Number         0  stubs.o ABSOLUTE
    __cpp_initialize__aeabi_                  - Undefined Weak Reference
    __cxa_finalize                            - Undefined Weak Reference
    _clock_init                               - Undefined Weak Reference
    _microlib_exit                            - Undefined Weak Reference
    __Vectors_Size                           0x00000130   Number         0  startup_stm32f103xe.o ABSOLUTE
    __Vectors                                0x08000000   Data           4  startup_stm32f103xe.o(RESET)
    __Vectors_End                            0x08000130   Data           0  startup_stm32f103xe.o(RESET)
    __main                                   0x08000131   Thumb Code     0  entry.o(.ARM.Collect$$$$00000000)
    _main_stk                                0x08000131   Thumb Code     0  entry2.o(.ARM.Collect$$$$00000001)
    _main_scatterload                        0x08000135   Thumb Code     0  entry5.o(.ARM.Collect$$$$00000004)
    __main_after_scatterload                 0x08000139   Thumb Code     0  entry5.o(.ARM.Collect$$$$00000004)
    _main_clock                              0x08000139   Thumb Code     0  entry7b.o(.ARM.Collect$$$$00000008)
    _main_cpp_init                           0x08000139   Thumb Code     0  entry8b.o(.ARM.Collect$$$$0000000A)
    _main_init                               0x08000139   Thumb Code     0  entry9a.o(.ARM.Collect$$$$0000000B)
    __rt_final_cpp                           0x08000141   Thumb Code     0  entry10a.o(.ARM.Collect$$$$0000000D)
    __rt_final_exit                          0x08000141   Thumb Code     0  entry11a.o(.ARM.Collect$$$$0000000F)
    SVC_Handler                              0x08000145   Thumb Code    32  port.o(.emb_text)
    __asm___6_port_c_39a90d8d__prvStartFirstTask 0x08000169   Thumb Code    28  port.o(.emb_text)
    PendSV_Handler                           0x08000189   Thumb Code    72  port.o(.emb_text)
    vPortGetIPSR                             0x080001d5   Thumb Code     6  port.o(.emb_text)
    Reset_Handler                            0x080001dd   Thumb Code     8  startup_stm32f103xe.o(.text)
    ADC1_2_IRQHandler                        0x080001f7   Thumb Code     0  startup_stm32f103xe.o(.text)
    ADC3_IRQHandler                          0x080001f7   Thumb Code     0  startup_stm32f103xe.o(.text)
    CAN1_RX1_IRQHandler                      0x080001f7   Thumb Code     0  startup_stm32f103xe.o(.text)
    CAN1_SCE_IRQHandler                      0x080001f7   Thumb Code     0  startup_stm32f103xe.o(.text)
    DMA1_Channel1_IRQHandler                 0x080001f7   Thumb Code     0  startup_stm32f103xe.o(.text)
    DMA1_Channel2_IRQHandler                 0x080001f7   Thumb Code     0  startup_stm32f103xe.o(.text)
    DMA1_Channel3_IRQHandler                 0x080001f7   Thumb Code     0  startup_stm32f103xe.o(.text)
    DMA1_Channel4_IRQHandler                 0x080001f7   Thumb Code     0  startup_stm32f103xe.o(.text)
    DMA1_Channel5_IRQHandler                 0x080001f7   Thumb Code     0  startup_stm32f103xe.o(.text)
    DMA1_Channel6_IRQHandler                 0x080001f7   Thumb Code     0  startup_stm32f103xe.o(.text)
    DMA1_Channel7_IRQHandler                 0x080001f7   Thumb Code     0  startup_stm32f103xe.o(.text)
    DMA2_Channel1_IRQHandler                 0x080001f7   Thumb Code     0  startup_stm32f103xe.o(.text)
    DMA2_Channel2_IRQHandler                 0x080001f7   Thumb Code     0  startup_stm32f103xe.o(.text)
    DMA2_Channel3_IRQHandler                 0x080001f7   Thumb Code     0  startup_stm32f103xe.o(.text)
    DMA2_Channel4_5_IRQHandler               0x080001f7   Thumb Code     0  startup_stm32f103xe.o(.text)
    EXTI0_IRQHandler                         0x080001f7   Thumb Code     0  startup_stm32f103xe.o(.text)
    EXTI15_10_IRQHandler                     0x080001f7   Thumb Code     0  startup_stm32f103xe.o(.text)
    EXTI1_IRQHandler                         0x080001f7   Thumb Code     0  startup_stm32f103xe.o(.text)
    EXTI2_IRQHandler                         0x080001f7   Thumb Code     0  startup_stm32f103xe.o(.text)
    EXTI3_IRQHandler                         0x080001f7   Thumb Code     0  startup_stm32f103xe.o(.text)
    EXTI4_IRQHandler                         0x080001f7   Thumb Code     0  startup_stm32f103xe.o(.text)
    EXTI9_5_IRQHandler                       0x080001f7   Thumb Code     0  startup_stm32f103xe.o(.text)
    FLASH_IRQHandler                         0x080001f7   Thumb Code     0  startup_stm32f103xe.o(.text)
    FSMC_IRQHandler                          0x080001f7   Thumb Code     0  startup_stm32f103xe.o(.text)
    I2C1_ER_IRQHandler                       0x080001f7   Thumb Code     0  startup_stm32f103xe.o(.text)
    I2C1_EV_IRQHandler                       0x080001f7   Thumb Code     0  startup_stm32f103xe.o(.text)
    I2C2_ER_IRQHandler                       0x080001f7   Thumb Code     0  startup_stm32f103xe.o(.text)
    I2C2_EV_IRQHandler                       0x080001f7   Thumb Code     0  startup_stm32f103xe.o(.text)
    PVD_IRQHandler                           0x080001f7   Thumb Code     0  startup_stm32f103xe.o(.text)
    RCC_IRQHandler                           0x080001f7   Thumb Code     0  startup_stm32f103xe.o(.text)
    RTC_Alarm_IRQHandler                     0x080001f7   Thumb Code     0  startup_stm32f103xe.o(.text)
    RTC_IRQHandler                           0x080001f7   Thumb Code     0  startup_stm32f103xe.o(.text)
    SDIO_IRQHandler                          0x080001f7   Thumb Code     0  startup_stm32f103xe.o(.text)
    SPI1_IRQHandler                          0x080001f7   Thumb Code     0  startup_stm32f103xe.o(.text)
    SPI2_IRQHandler                          0x080001f7   Thumb Code     0  startup_stm32f103xe.o(.text)
    SPI3_IRQHandler                          0x080001f7   Thumb Code     0  startup_stm32f103xe.o(.text)
    TAMPER_IRQHandler                        0x080001f7   Thumb Code     0  startup_stm32f103xe.o(.text)
    TIM1_BRK_IRQHandler                      0x080001f7   Thumb Code     0  startup_stm32f103xe.o(.text)
    TIM1_CC_IRQHandler                       0x080001f7   Thumb Code     0  startup_stm32f103xe.o(.text)
    TIM1_TRG_COM_IRQHandler                  0x080001f7   Thumb Code     0  startup_stm32f103xe.o(.text)
    TIM1_UP_IRQHandler                       0x080001f7   Thumb Code     0  startup_stm32f103xe.o(.text)
    TIM2_IRQHandler                          0x080001f7   Thumb Code     0  startup_stm32f103xe.o(.text)
    TIM3_IRQHandler                          0x080001f7   Thumb Code     0  startup_stm32f103xe.o(.text)
    TIM4_IRQHandler                          0x080001f7   Thumb Code     0  startup_stm32f103xe.o(.text)
    TIM5_IRQHandler                          0x080001f7   Thumb Code     0  startup_stm32f103xe.o(.text)
    TIM7_IRQHandler                          0x080001f7   Thumb Code     0  startup_stm32f103xe.o(.text)
    TIM8_BRK_IRQHandler                      0x080001f7   Thumb Code     0  startup_stm32f103xe.o(.text)
    TIM8_CC_IRQHandler                       0x080001f7   Thumb Code     0  startup_stm32f103xe.o(.text)
    TIM8_TRG_COM_IRQHandler                  0x080001f7   Thumb Code     0  startup_stm32f103xe.o(.text)
    TIM8_UP_IRQHandler                       0x080001f7   Thumb Code     0  startup_stm32f103xe.o(.text)
    UART4_IRQHandler                         0x080001f7   Thumb Code     0  startup_stm32f103xe.o(.text)
    UART5_IRQHandler                         0x080001f7   Thumb Code     0  startup_stm32f103xe.o(.text)
    USART3_IRQHandler                        0x080001f7   Thumb Code     0  startup_stm32f103xe.o(.text)
    USBWakeUp_IRQHandler                     0x080001f7   Thumb Code     0  startup_stm32f103xe.o(.text)
    USB_HP_CAN1_TX_IRQHandler                0x080001f7   Thumb Code     0  startup_stm32f103xe.o(.text)
    USB_LP_CAN1_RX0_IRQHandler               0x080001f7   Thumb Code     0  startup_stm32f103xe.o(.text)
    WWDG_IRQHandler                          0x080001f7   Thumb Code     0  startup_stm32f103xe.o(.text)
    __aeabi_uidiv                            0x08000201   Thumb Code     0  uidiv.o(.text)
    __aeabi_uidivmod                         0x08000201   Thumb Code    44  uidiv.o(.text)
    __aeabi_llsr                             0x0800022d   Thumb Code    32  llushr.o(.text)
    _ll_ushift_r                             0x0800022d   Thumb Code     0  llushr.o(.text)
    ___aeabi_memcpy8$move                    0x0800024d   Thumb Code     0  memmovea.o(.text)
    __aeabi_memcpy                           0x0800024d   Thumb Code    64  memmovea.o(.text)
    __aeabi_memcpy4                          0x0800024d   Thumb Code     0  memmovea.o(.text)
    __aeabi_memmove                          0x0800024d   Thumb Code     0  memmovea.o(.text)
    __aeabi_memmove4                         0x0800024d   Thumb Code     0  memmovea.o(.text)
    __aeabi_memmove8                         0x0800024d   Thumb Code     0  memmovea.o(.text)
    __aeabi_memset                           0x0800028d   Thumb Code    14  memseta.o(.text)
    __aeabi_memset4                          0x0800028d   Thumb Code     0  memseta.o(.text)
    __aeabi_memset8                          0x0800028d   Thumb Code     0  memseta.o(.text)
    __aeabi_memclr                           0x0800029b   Thumb Code     4  memseta.o(.text)
    __aeabi_memclr4                          0x0800029b   Thumb Code     0  memseta.o(.text)
    __aeabi_memclr8                          0x0800029b   Thumb Code     0  memseta.o(.text)
    memset                                   0x0800029f   Thumb Code    18  memseta.o(.text)
    strncpy                                  0x080002b1   Thumb Code    24  strncpy.o(.text)
    strchr                                   0x080002c9   Thumb Code    20  strchr.o(.text)
    strlen                                   0x080002dd   Thumb Code    14  strlen.o(.text)
    strcmp                                   0x080002eb   Thumb Code    28  strcmp.o(.text)
    memchr                                   0x08000307   Thumb Code    20  memchr.o(.text)
    strcpy                                   0x0800031b   Thumb Code    18  strcpy.o(.text)
    strtoll                                  0x0800032d   Thumb Code     4  strtoll.o(.text)
    __aeabi_cdcmpeq                          0x08000331   Thumb Code     0  cdcmple.o(.text)
    __aeabi_cdcmple                          0x08000331   Thumb Code    48  cdcmple.o(.text)
    __aeabi_uldivmod                         0x08000361   Thumb Code    98  uldiv.o(.text)
    __strtod_int                             0x080003fb   Thumb Code    90  strtod.o(.text)
    __strtoll                                0x08000461   Thumb Code   144  __strtoll.o(.text)
    __I$use$fp                               0x080004f1   Thumb Code     0  iusefp.o(.text)
    _double_round                            0x080004f1   Thumb Code    30  depilogue.o(.text)
    _double_epilogue                         0x0800050f   Thumb Code   156  depilogue.o(.text)
    __aeabi_dadd                             0x080005ab   Thumb Code   322  dadd.o(.text)
    __aeabi_dsub                             0x080006ed   Thumb Code     6  dadd.o(.text)
    __aeabi_drsub                            0x080006f3   Thumb Code     6  dadd.o(.text)
    __aeabi_dmul                             0x080006f9   Thumb Code   228  dmul.o(.text)
    __aeabi_ddiv                             0x080007dd   Thumb Code   222  ddiv.o(.text)
    __aeabi_d2ulz                            0x080008bb   Thumb Code    48  dfixul.o(.text)
    __aeabi_cdrcmple                         0x080008ed   Thumb Code    48  cdrcmple.o(.text)
    __scatterload                            0x0800091d   Thumb Code    28  init.o(.text)
    __scatterload_rt2                        0x0800091d   Thumb Code     0  init.o(.text)
    __aeabi_llsl                             0x08000941   Thumb Code    30  llshl.o(.text)
    _ll_shift_l                              0x08000941   Thumb Code     0  llshl.o(.text)
    __aeabi_lasr                             0x0800095f   Thumb Code    36  llsshr.o(.text)
    _ll_sshift_r                             0x0800095f   Thumb Code     0  llsshr.o(.text)
    __rt_ctype_table                         0x08000985   Thumb Code     4  ctype_o.o(.text)
    isspace                                  0x0800098d   Thumb Code    18  isspace_o.o(.text)
    _scanf_real                              0x08000ac9   Thumb Code     0  scanf_fp.o(.text)
    _scanf_really_real                       0x08000ac9   Thumb Code   556  scanf_fp.o(.text)
    _sgetc                                   0x08000d01   Thumb Code    30  _sgetc.o(.text)
    _sbackspace                              0x08000d1f   Thumb Code    34  _sgetc.o(.text)
    _strtoull                                0x08000d41   Thumb Code   194  _strtoull.o(.text)
    _chval                                   0x08000e03   Thumb Code    28  _chval.o(.text)
    __aeabi_ul2d                             0x08000e1f   Thumb Code    24  dfltul.o(.text)
    __aeabi_d2f                              0x08000e37   Thumb Code    56  d2f.o(.text)
    _float_round                             0x08000e6f   Thumb Code    18  fepilogue.o(.text)
    _float_epilogue                          0x08000e81   Thumb Code    92  fepilogue.o(.text)
    __decompress                             0x08000edd   Thumb Code     0  __dczerorl.o(.text)
    __decompress0                            0x08000edd   Thumb Code    58  __dczerorl.o(.text)
    BusFault_Handler                         0x08000f17   Thumb Code     2  stm32f1xx_it.o(i.BusFault_Handler)
    DebugMon_Handler                         0x08000f19   Thumb Code     2  stm32f1xx_it.o(i.DebugMon_Handler)
    EM5820_init                              0x08000f1d   Thumb Code   744  dp_print_lib.o(i.EM5820_init)
    EM5820_printData                         0x08001209   Thumb Code   686  dp_print_lib.o(i.EM5820_printData)
    ESP8266_DataParse                        0x080015f5   Thumb Code   574  esp8266.o(i.ESP8266_DataParse)
    Error_Handler                            0x08001919   Thumb Code     4  main.o(i.Error_Handler)
    Func_PrintCtrl                           0x0800191d   Thumb Code    76  freertos.o(i.Func_PrintCtrl)
    Func_UsartRX                             0x08001981   Thumb Code    82  freertos.o(i.Func_UsartRX)
    HAL_DMA_Abort                            0x08001a05   Thumb Code    70  stm32f1xx_hal_dma.o(i.HAL_DMA_Abort)
    HAL_DMA_Abort_IT                         0x08001a4d   Thumb Code   296  stm32f1xx_hal_dma.o(i.HAL_DMA_Abort_IT)
    HAL_GPIO_Init                            0x08001b7d   Thumb Code   462  stm32f1xx_hal_gpio.o(i.HAL_GPIO_Init)
    HAL_GPIO_WritePin                        0x08001d75   Thumb Code    10  stm32f1xx_hal_gpio.o(i.HAL_GPIO_WritePin)
    HAL_GetTick                              0x08001d81   Thumb Code     6  stm32f1xx_hal.o(i.HAL_GetTick)
    HAL_IncTick                              0x08001d8d   Thumb Code    12  stm32f1xx_hal.o(i.HAL_IncTick)
    HAL_Init                                 0x08001d9d   Thumb Code    32  stm32f1xx_hal.o(i.HAL_Init)
    HAL_InitTick                             0x08001dc1   Thumb Code   132  stm32f1xx_hal_timebase_tim.o(i.HAL_InitTick)
    HAL_MspInit                              0x08001e59   Thumb Code    62  stm32f1xx_hal_msp.o(i.HAL_MspInit)
    HAL_NVIC_EnableIRQ                       0x08001ea1   Thumb Code    26  stm32f1xx_hal_cortex.o(i.HAL_NVIC_EnableIRQ)
    HAL_NVIC_SetPriority                     0x08001ebd   Thumb Code    60  stm32f1xx_hal_cortex.o(i.HAL_NVIC_SetPriority)
    HAL_NVIC_SetPriorityGrouping             0x08001efd   Thumb Code    26  stm32f1xx_hal_cortex.o(i.HAL_NVIC_SetPriorityGrouping)
    HAL_RCC_ClockConfig                      0x08001f21   Thumb Code   280  stm32f1xx_hal_rcc.o(i.HAL_RCC_ClockConfig)
    HAL_RCC_GetClockConfig                   0x0800204d   Thumb Code    54  stm32f1xx_hal_rcc.o(i.HAL_RCC_GetClockConfig)
    HAL_RCC_GetPCLK1Freq                     0x0800208d   Thumb Code    20  stm32f1xx_hal_rcc.o(i.HAL_RCC_GetPCLK1Freq)
    HAL_RCC_GetPCLK2Freq                     0x080020ad   Thumb Code    20  stm32f1xx_hal_rcc.o(i.HAL_RCC_GetPCLK2Freq)
    HAL_RCC_GetSysClockFreq                  0x080020cd   Thumb Code    58  stm32f1xx_hal_rcc.o(i.HAL_RCC_GetSysClockFreq)
    HAL_RCC_OscConfig                        0x08002119   Thumb Code   778  stm32f1xx_hal_rcc.o(i.HAL_RCC_OscConfig)
    HAL_TIMEx_BreakCallback                  0x08002439   Thumb Code     2  stm32f1xx_hal_tim_ex.o(i.HAL_TIMEx_BreakCallback)
    HAL_TIMEx_CommutCallback                 0x0800243b   Thumb Code     2  stm32f1xx_hal_tim_ex.o(i.HAL_TIMEx_CommutCallback)
    HAL_TIM_Base_Init                        0x0800243d   Thumb Code    90  stm32f1xx_hal_tim.o(i.HAL_TIM_Base_Init)
    HAL_TIM_Base_MspInit                     0x08002497   Thumb Code     2  stm32f1xx_hal_tim.o(i.HAL_TIM_Base_MspInit)
    HAL_TIM_Base_Start_IT                    0x08002499   Thumb Code    88  stm32f1xx_hal_tim.o(i.HAL_TIM_Base_Start_IT)
    HAL_TIM_IC_CaptureCallback               0x08002505   Thumb Code     2  stm32f1xx_hal_tim.o(i.HAL_TIM_IC_CaptureCallback)
    HAL_TIM_IRQHandler                       0x08002507   Thumb Code   358  stm32f1xx_hal_tim.o(i.HAL_TIM_IRQHandler)
    HAL_TIM_OC_DelayElapsedCallback          0x0800266d   Thumb Code     2  stm32f1xx_hal_tim.o(i.HAL_TIM_OC_DelayElapsedCallback)
    HAL_TIM_PWM_PulseFinishedCallback        0x0800266f   Thumb Code     2  stm32f1xx_hal_tim.o(i.HAL_TIM_PWM_PulseFinishedCallback)
    HAL_TIM_PeriodElapsedCallback            0x08002671   Thumb Code    14  main.o(i.HAL_TIM_PeriodElapsedCallback)
    HAL_TIM_TriggerCallback                  0x08002685   Thumb Code     2  stm32f1xx_hal_tim.o(i.HAL_TIM_TriggerCallback)
    HAL_UARTEx_ReceiveToIdle_IT              0x08002687   Thumb Code    78  stm32f1xx_hal_uart.o(i.HAL_UARTEx_ReceiveToIdle_IT)
    HAL_UARTEx_RxEventCallback               0x080026d5   Thumb Code   104  uart.o(i.HAL_UARTEx_RxEventCallback)
    HAL_UART_ErrorCallback                   0x0800278d   Thumb Code     2  stm32f1xx_hal_uart.o(i.HAL_UART_ErrorCallback)
    HAL_UART_IRQHandler                      0x08002791   Thumb Code   616  stm32f1xx_hal_uart.o(i.HAL_UART_IRQHandler)
    HAL_UART_Init                            0x080029fd   Thumb Code   100  stm32f1xx_hal_uart.o(i.HAL_UART_Init)
    HAL_UART_MspInit                         0x08002a61   Thumb Code   274  usart.o(i.HAL_UART_MspInit)
    HAL_UART_RxCpltCallback                  0x08002b8d   Thumb Code     2  stm32f1xx_hal_uart.o(i.HAL_UART_RxCpltCallback)
    HAL_UART_Transmit                        0x08002b8f   Thumb Code   154  stm32f1xx_hal_uart.o(i.HAL_UART_Transmit)
    HAL_UART_TxCpltCallback                  0x08002c29   Thumb Code     2  stm32f1xx_hal_uart.o(i.HAL_UART_TxCpltCallback)
    HardFault_Handler                        0x08002c2b   Thumb Code     2  stm32f1xx_it.o(i.HardFault_Handler)
    InitializePrint                          0x08002c2d   Thumb Code   206  dp_print_lib.o(i.InitializePrint)
    MX_FREERTOS_Init                         0x08002d05   Thumb Code    62  freertos.o(i.MX_FREERTOS_Init)
    MX_GPIO_Init                             0x08002d61   Thumb Code   138  gpio.o(i.MX_GPIO_Init)
    MX_USART1_UART_Init                      0x08002df9   Thumb Code    48  usart.o(i.MX_USART1_UART_Init)
    MX_USART2_UART_Init                      0x08002e31   Thumb Code    48  usart.o(i.MX_USART2_UART_Init)
    MX_USART3_UART_Init                      0x08002e69   Thumb Code    50  usart.o(i.MX_USART3_UART_Init)
    MemManage_Handler                        0x08002ea5   Thumb Code     2  stm32f1xx_it.o(i.MemManage_Handler)
    NMI_Handler                              0x08002ea7   Thumb Code     2  stm32f1xx_it.o(i.NMI_Handler)
    Print_ASCII                              0x08002ea9   Thumb Code   118  dp_print_lib.o(i.Print_ASCII)
    Sel_Align_Way                            0x08002f25   Thumb Code   312  dp_print_lib.o(i.Sel_Align_Way)
    SetBold                                  0x08003065   Thumb Code   312  dp_print_lib.o(i.SetBold)
    SetCharacterSize                         0x080031a5   Thumb Code   326  dp_print_lib.o(i.SetCharacterSize)
    StartDefaultTask                         0x080032f5   Thumb Code     8  freertos.o(i.StartDefaultTask)
    SysTick_Handler                          0x080032fd   Thumb Code    38  port.o(i.SysTick_Handler)
    SystemClock_Config                       0x08003329   Thumb Code    94  main.o(i.SystemClock_Config)
    SystemInit                               0x08003387   Thumb Code     2  system_stm32f1xx.o(i.SystemInit)
    TIM6_IRQHandler                          0x08003389   Thumb Code     6  stm32f1xx_it.o(i.TIM6_IRQHandler)
    TIM_Base_SetConfig                       0x08003395   Thumb Code   120  stm32f1xx_hal_tim.o(i.TIM_Base_SetConfig)
    UART_SendByte                            0x08003541   Thumb Code    30  uart.o(i.UART_SendByte)
    UART_Start_Receive_IT                    0x08003619   Thumb Code    54  stm32f1xx_hal_uart.o(i.UART_Start_Receive_IT)
    USART1_IRQHandler                        0x080036c9   Thumb Code     6  stm32f1xx_it.o(i.USART1_IRQHandler)
    USART2_IRQHandler                        0x080036d5   Thumb Code     6  stm32f1xx_it.o(i.USART2_IRQHandler)
    UsageFault_Handler                       0x080036e1   Thumb Code     2  stm32f1xx_it.o(i.UsageFault_Handler)
    __0printf                                0x080036e5   Thumb Code    22  printfa.o(i.__0printf)
    __1printf                                0x080036e5   Thumb Code     0  printfa.o(i.__0printf)
    __2printf                                0x080036e5   Thumb Code     0  printfa.o(i.__0printf)
    __c89printf                              0x080036e5   Thumb Code     0  printfa.o(i.__0printf)
    printf                                   0x080036e5   Thumb Code     0  printfa.o(i.__0printf)
    __0snprintf                              0x08003705   Thumb Code    44  printfa.o(i.__0snprintf)
    __1snprintf                              0x08003705   Thumb Code     0  printfa.o(i.__0snprintf)
    __2snprintf                              0x08003705   Thumb Code     0  printfa.o(i.__0snprintf)
    __c89snprintf                            0x08003705   Thumb Code     0  printfa.o(i.__0snprintf)
    snprintf                                 0x08003705   Thumb Code     0  printfa.o(i.__0snprintf)
    __0sprintf                               0x08003735   Thumb Code    34  printfa.o(i.__0sprintf)
    __1sprintf                               0x08003735   Thumb Code     0  printfa.o(i.__0sprintf)
    __2sprintf                               0x08003735   Thumb Code     0  printfa.o(i.__0sprintf)
    __c89sprintf                             0x08003735   Thumb Code     0  printfa.o(i.__0sprintf)
    sprintf                                  0x08003735   Thumb Code     0  printfa.o(i.__0sprintf)
    __0vsnprintf                             0x0800375d   Thumb Code    40  printfa.o(i.__0vsnprintf)
    __1vsnprintf                             0x0800375d   Thumb Code     0  printfa.o(i.__0vsnprintf)
    __2vsnprintf                             0x0800375d   Thumb Code     0  printfa.o(i.__0vsnprintf)
    __c89vsnprintf                           0x0800375d   Thumb Code     0  printfa.o(i.__0vsnprintf)
    vsnprintf                                0x0800375d   Thumb Code     0  printfa.o(i.__0vsnprintf)
    __ARM_common_switch8                     0x08003789   Thumb Code    26  hashtable.o(i.__ARM_common_switch8)
    __ARM_isinf                              0x080037a3   Thumb Code    22  value.o(i.__ARM_isinf)
    __ARM_isnan                              0x080037b9   Thumb Code    20  value.o(i.__ARM_isnan)
    __aeabi_errno_addr                       0x080037f1   Thumb Code     4  errno.o(i.__aeabi_errno_addr)
    __rt_errno_addr                          0x080037f1   Thumb Code     0  errno.o(i.__aeabi_errno_addr)
    __scatterload_copy                       0x080037f9   Thumb Code    14  handlers.o(i.__scatterload_copy)
    __scatterload_null                       0x08003807   Thumb Code     2  handlers.o(i.__scatterload_null)
    __scatterload_zeroinit                   0x08003809   Thumb Code    14  handlers.o(i.__scatterload_zeroinit)
    _is_digit                                0x0800399d   Thumb Code    14  scanf_fp.o(i._is_digit)
    fputc                                    0x08004235   Thumb Code    32  usart.o(i.fputc)
    free                                     0x08004259   Thumb Code    76  malloc.o(i.free)
    hashtable_close                          0x080043ed   Thumb Code    16  hashtable.o(i.hashtable_close)
    hashtable_get                            0x080044d1   Thumb Code    58  hashtable.o(i.hashtable_get)
    hashtable_init                           0x08004511   Thumb Code    72  hashtable.o(i.hashtable_init)
    hashtable_set                            0x08004559   Thumb Code   168  hashtable.o(i.hashtable_set)
    json_array                               0x0800462f   Thumb Code    54  value.o(i.json_array)
    json_array_append_new                    0x08004665   Thumb Code    68  value.o(i.json_array_append_new)
    json_array_get                           0x080046ad   Thumb Code    28  value.o(i.json_array_get)
    json_array_size                          0x08004715   Thumb Code    18  value.o(i.json_array_size)
    json_delete                              0x08004785   Thumb Code    84  value.o(i.json_delete)
    json_false                               0x080047d9   Thumb Code     4  value.o(i.json_false)
    json_integer                             0x080047f1   Thumb Code    28  value.o(i.json_integer)
    json_integer_value                       0x0800480d   Thumb Code    24  value.o(i.json_integer_value)
    json_loads                               0x08004825   Thumb Code    82  load.o(i.json_loads)
    json_null                                0x08004899   Thumb Code     4  value.o(i.json_null)
    json_object                              0x080048a1   Thumb Code    70  value.o(i.json_object)
    json_object_get                          0x080048ed   Thumb Code    28  value.o(i.json_object_get)
    json_object_seed                         0x08004909   Thumb Code    34  hashtable_seed.o(i.json_object_seed)
    json_object_set_new_nocheck              0x08004931   Thumb Code    58  value.o(i.json_object_set_new_nocheck)
    json_real                                0x08004971   Thumb Code    52  value.o(i.json_real)
    json_string_value                        0x080049a5   Thumb Code    18  value.o(i.json_string_value)
    json_true                                0x080049b9   Thumb Code     4  value.o(i.json_true)
    jsonp_error_init                         0x080049c1   Thumb Code    34  error.o(i.jsonp_error_init)
    jsonp_error_set                          0x080049e3   Thumb Code    16  error.o(i.jsonp_error_set)
    jsonp_error_set_source                   0x080049f5   Thumb Code    56  error.o(i.jsonp_error_set_source)
    jsonp_error_vset                         0x08004a31   Thumb Code    44  error.o(i.jsonp_error_vset)
    jsonp_free                               0x08004a5d   Thumb Code    12  memory.o(i.jsonp_free)
    jsonp_malloc                             0x08004a6d   Thumb Code    12  memory.o(i.jsonp_malloc)
    jsonp_stringn_nocheck_own                0x08004a7d   Thumb Code    10  value.o(i.jsonp_stringn_nocheck_own)
    jsonp_strndup                            0x08004a87   Thumb Code    36  memory.o(i.jsonp_strndup)
    jsonp_strtod                             0x08004aad   Thumb Code    90  strconv.o(i.jsonp_strtod)
    main                                     0x08005121   Thumb Code    38  main.o(i.main)
    malloc                                   0x08005149   Thumb Code    92  malloc.o(i.malloc)
    osDelay                                  0x080051b5   Thumb Code    46  cmsis_os2.o(i.osDelay)
    osKernelInitialize                       0x080051e9   Thumb Code    50  cmsis_os2.o(i.osKernelInitialize)
    osKernelStart                            0x08005221   Thumb Code    58  cmsis_os2.o(i.osKernelStart)
    osThreadNew                              0x08005261   Thumb Code   160  cmsis_os2.o(i.osThreadNew)
    print_And_Line                           0x080056ed   Thumb Code   106  dp_print_lib.o(i.print_And_Line)
    pvPortMalloc                             0x08005ef5   Thumb Code   210  heap_4.o(i.pvPortMalloc)
    pxPortInitialiseStack                    0x08005fcd   Thumb Code    32  port.o(i.pxPortInitialiseStack)
    seed_from_timestamp_and_pid              0x08005ff1   Thumb Code     4  jansson_config.o(i.seed_from_timestamp_and_pid)
    select_lines                             0x08005ff5   Thumb Code    22  dp_print_lib.o(i.select_lines)
    strbuffer_append_byte                    0x0800600b   Thumb Code    12  strbuffer.o(i.strbuffer_append_byte)
    strbuffer_append_bytes                   0x08006019   Thumb Code   108  strbuffer.o(i.strbuffer_append_bytes)
    strbuffer_clear                          0x08006089   Thumb Code    10  strbuffer.o(i.strbuffer_clear)
    strbuffer_close                          0x08006093   Thumb Code    24  strbuffer.o(i.strbuffer_close)
    strbuffer_init                           0x080060ab   Thumb Code    34  strbuffer.o(i.strbuffer_init)
    strbuffer_pop                            0x080060cd   Thumb Code    24  strbuffer.o(i.strbuffer_pop)
    strbuffer_value                          0x080060e5   Thumb Code     4  strbuffer.o(i.strbuffer_value)
    strtod                                   0x0800626d   Thumb Code    28  strtod.o(i.strtod)
    ulTaskNotifyTake                         0x08006289   Thumb Code    96  tasks.o(i.ulTaskNotifyTake)
    unicodeToGbk                             0x080062f1   Thumb Code    40  utf2gbk2312.o(i.unicodeToGbk)
    utf8ToGbk2312                            0x0800631d   Thumb Code    80  utf2gbk2312.o(i.utf8ToGbk2312)
    utf8ToUnicode                            0x0800636d   Thumb Code    76  utf2gbk2312.o(i.utf8ToUnicode)
    utf8_check_first                         0x080063b9   Thumb Code    60  utf.o(i.utf8_check_first)
    utf8_check_full                          0x080063f5   Thumb Code   126  utf.o(i.utf8_check_full)
    utf8_encode                              0x0800647d   Thumb Code   120  utf.o(i.utf8_encode)
    uxListRemove                             0x080064f9   Thumb Code    38  list.o(i.uxListRemove)
    vApplicationGetIdleTaskMemory            0x08006521   Thumb Code    16  cmsis_os2.o(i.vApplicationGetIdleTaskMemory)
    vApplicationGetTimerTaskMemory           0x08006535   Thumb Code    18  cmsis_os2.o(i.vApplicationGetTimerTaskMemory)
    vListInitialise                          0x0800654d   Thumb Code    22  list.o(i.vListInitialise)
    vListInitialiseItem                      0x08006563   Thumb Code     6  list.o(i.vListInitialiseItem)
    vListInsert                              0x08006569   Thumb Code    48  list.o(i.vListInsert)
    vListInsertEnd                           0x08006599   Thumb Code    24  list.o(i.vListInsertEnd)
    vPortEnterCritical                       0x080065b1   Thumb Code    54  port.o(i.vPortEnterCritical)
    vPortExitCritical                        0x080065f1   Thumb Code    34  port.o(i.vPortExitCritical)
    vPortFree                                0x08006619   Thumb Code    88  heap_4.o(i.vPortFree)
    vPortSetupTimerInterrupt                 0x08006675   Thumb Code    32  port.o(i.vPortSetupTimerInterrupt)
    vPortValidateInterruptPriority           0x08006699   Thumb Code    74  port.o(i.vPortValidateInterruptPriority)
    vQueueAddToRegistry                      0x080066ed   Thumb Code    34  queue.o(i.vQueueAddToRegistry)
    vQueueWaitForMessageRestricted           0x08006715   Thumb Code    68  queue.o(i.vQueueWaitForMessageRestricted)
    vTaskDelay                               0x08006759   Thumb Code    66  tasks.o(i.vTaskDelay)
    vTaskInternalSetTimeOutState             0x080067a5   Thumb Code    12  tasks.o(i.vTaskInternalSetTimeOutState)
    vTaskMissedYield                         0x080067b5   Thumb Code     8  tasks.o(i.vTaskMissedYield)
    vTaskPlaceOnEventList                    0x080067c1   Thumb Code    44  tasks.o(i.vTaskPlaceOnEventList)
    vTaskPlaceOnEventListRestricted          0x080067f1   Thumb Code    52  tasks.o(i.vTaskPlaceOnEventListRestricted)
    vTaskStartScheduler                      0x08006829   Thumb Code   118  tasks.o(i.vTaskStartScheduler)
    vTaskSuspendAll                          0x080068b1   Thumb Code    10  tasks.o(i.vTaskSuspendAll)
    vTaskSwitchContext                       0x080068c1   Thumb Code    90  tasks.o(i.vTaskSwitchContext)
    xPortStartScheduler                      0x08006925   Thumb Code   154  port.o(i.xPortStartScheduler)
    xQueueGenericCreateStatic                0x080069cd   Thumb Code   102  queue.o(i.xQueueGenericCreateStatic)
    xQueueGenericReset                       0x08006a35   Thumb Code   132  queue.o(i.xQueueGenericReset)
    xQueueGenericSend                        0x08006abd   Thumb Code   346  queue.o(i.xQueueGenericSend)
    xQueueGenericSendFromISR                 0x08006c1d   Thumb Code   188  queue.o(i.xQueueGenericSendFromISR)
    xQueueReceive                            0x08006cd9   Thumb Code   308  queue.o(i.xQueueReceive)
    xTaskCheckForTimeOut                     0x08006e11   Thumb Code   112  tasks.o(i.xTaskCheckForTimeOut)
    xTaskCreate                              0x08006e85   Thumb Code    90  tasks.o(i.xTaskCreate)
    xTaskCreateStatic                        0x08006edf   Thumb Code    86  tasks.o(i.xTaskCreateStatic)
    xTaskGenericNotify                       0x08006f35   Thumb Code   188  tasks.o(i.xTaskGenericNotify)
    xTaskGetHandle                           0x08006ffd   Thumb Code   122  tasks.o(i.xTaskGetHandle)
    xTaskGetSchedulerState                   0x08007085   Thumb Code    22  tasks.o(i.xTaskGetSchedulerState)
    xTaskGetTickCount                        0x080070a1   Thumb Code     6  tasks.o(i.xTaskGetTickCount)
    xTaskIncrementTick                       0x080070ad   Thumb Code   190  tasks.o(i.xTaskIncrementTick)
    xTaskPriorityDisinherit                  0x08007175   Thumb Code   118  tasks.o(i.xTaskPriorityDisinherit)
    xTaskRemoveFromEventList                 0x080071f5   Thumb Code    98  tasks.o(i.xTaskRemoveFromEventList)
    xTaskResumeAll                           0x08007265   Thumb Code   182  tasks.o(i.xTaskResumeAll)
    xTimerCreateTimerTask                    0x08007329   Thumb Code    78  timers.o(i.xTimerCreateTimerTask)
    xTimerGenericCommand                     0x08007389   Thumb Code    98  timers.o(i.xTimerGenericCommand)
    defaultTask_attributes                   0x080073f0   Data          36  freertos.o(.constdata)
    Task_PrintCtrl_attributes                0x08007414   Data          36  freertos.o(.constdata)
    Task_UsartRX_attributes                  0x08007438   Data          36  freertos.o(.constdata)
    AHBPrescTable                            0x0800746e   Data          16  system_stm32f1xx.o(.constdata)
    APBPrescTable                            0x0800747e   Data           8  system_stm32f1xx.o(.constdata)
    __ctype_table                            0x08007486   Data         129  ctype_o.o(.constdata)
    Region$$Table$$Base                      0x08007538   Number         0  anon$$obj.o(Region$$Table)
    Region$$Table$$Limit                     0x08007558   Number         0  anon$$obj.o(Region$$Table)
    defaultTaskHandle                        0x20000000   Data           4  freertos.o(.data)
    Task_PrintCtrlHandle                     0x20000004   Data           4  freertos.o(.data)
    Task_UsartRXHandle                       0x20000008   Data           4  freertos.o(.data)
    uwTickFreq                               0x2000000c   Data           1  stm32f1xx_hal.o(.data)
    uwTickPrio                               0x20000010   Data           4  stm32f1xx_hal.o(.data)
    uwTick                                   0x20000014   Data           4  stm32f1xx_hal.o(.data)
    SystemCoreClock                          0x20000018   Data           4  system_stm32f1xx.o(.data)
    pxCurrentTCB                             0x2000001c   Data           4  tasks.o(.data)
    ESP8266_point                            0x20000094   Data           4  uart.o(.data)
    ESP8266_BUFFER                           0x20000098   Data       10240  uart.o(.data)
    codeMap                                  0x2000289a   Data       15164  utf2gbk2312.o(.data)
    hashtable_seed                           0x200063f8   Data           4  hashtable_seed.o(.data)
    __stdout                                 0x20006400   Data           4  stdout.o(.data)
    __microlib_freelist                      0x20006404   Data           4  mvars.o(.data)
    __microlib_freelist_initialised          0x20006408   Data           4  mvars.o(.data)
    huart1                                   0x2000640c   Data          72  usart.o(.bss)
    huart2                                   0x20006454   Data          72  usart.o(.bss)
    huart3                                   0x2000649c   Data          72  usart.o(.bss)
    htim6                                    0x200064e4   Data          72  stm32f1xx_hal_timebase_tim.o(.bss)
    xQueueRegistry                           0x2000652c   Data          64  queue.o(.bss)
    rxdata_buff_8266                         0x20008d58   Data        1024  uart.o(.bss)
    order                                    0x20009158   Data        3572  esp8266.o(.bss)
    __heap_base                              0x20009f50   Data           0  startup_stm32f103xe.o(HEAP)
    __heap_limit                             0x2000df50   Data           0  startup_stm32f103xe.o(HEAP)
    __initial_sp                             0x2000ff50   Data           0  startup_stm32f103xe.o(STACK)



==============================================================================

Memory Map of the image

  Image Entry point : 0x08000131

  Load Region LR_IROM1 (Base: 0x08000000, Size: 0x0000d964, Max: 0x00080000, ABSOLUTE, COMPRESSED[0x0000b1bc])

    Execution Region ER_IROM1 (Exec base: 0x08000000, Load base: 0x08000000, Size: 0x00007558, Max: 0x00080000, ABSOLUTE)

    Exec Addr    Load Addr    Size         Type   Attr      Idx    E Section Name        Object

    0x08000000   0x08000000   0x00000130   Data   RO            3    RESET               startup_stm32f103xe.o
    0x08000130   0x08000130   0x00000000   Code   RO         5997  * .ARM.Collect$$$$00000000  mc_w.l(entry.o)
    0x08000130   0x08000130   0x00000004   Code   RO         6341    .ARM.Collect$$$$00000001  mc_w.l(entry2.o)
    0x08000134   0x08000134   0x00000004   Code   RO         6344    .ARM.Collect$$$$00000004  mc_w.l(entry5.o)
    0x08000138   0x08000138   0x00000000   Code   RO         6346    .ARM.Collect$$$$00000008  mc_w.l(entry7b.o)
    0x08000138   0x08000138   0x00000000   Code   RO         6348    .ARM.Collect$$$$0000000A  mc_w.l(entry8b.o)
    0x08000138   0x08000138   0x00000008   Code   RO         6349    .ARM.Collect$$$$0000000B  mc_w.l(entry9a.o)
    0x08000140   0x08000140   0x00000000   Code   RO         6351    .ARM.Collect$$$$0000000D  mc_w.l(entry10a.o)
    0x08000140   0x08000140   0x00000000   Code   RO         6353    .ARM.Collect$$$$0000000F  mc_w.l(entry11a.o)
    0x08000140   0x08000140   0x00000004   Code   RO         6342    .ARM.Collect$$$$00002712  mc_w.l(entry2.o)
    0x08000144   0x08000144   0x00000096   Code   RO         4443    .emb_text           port.o
    0x080001da   0x080001da   0x00000002   PAD
    0x080001dc   0x080001dc   0x00000024   Code   RO            4    .text               startup_stm32f103xe.o
    0x08000200   0x08000200   0x0000002c   Code   RO         6005    .text               mc_w.l(uidiv.o)
    0x0800022c   0x0800022c   0x00000020   Code   RO         6007    .text               mc_w.l(llushr.o)
    0x0800024c   0x0800024c   0x00000040   Code   RO         6013    .text               mc_w.l(memmovea.o)
    0x0800028c   0x0800028c   0x00000024   Code   RO         6017    .text               mc_w.l(memseta.o)
    0x080002b0   0x080002b0   0x00000018   Code   RO         6019    .text               mc_w.l(strncpy.o)
    0x080002c8   0x080002c8   0x00000014   Code   RO         6021    .text               mc_w.l(strchr.o)
    0x080002dc   0x080002dc   0x0000000e   Code   RO         6023    .text               mc_w.l(strlen.o)
    0x080002ea   0x080002ea   0x0000001c   Code   RO         6025    .text               mc_w.l(strcmp.o)
    0x08000306   0x08000306   0x00000014   Code   RO         6027    .text               mc_w.l(memchr.o)
    0x0800031a   0x0800031a   0x00000012   Code   RO         6031    .text               mc_w.l(strcpy.o)
    0x0800032c   0x0800032c   0x00000004   Code   RO         6335    .text               mc_w.l(strtoll.o)
    0x08000330   0x08000330   0x00000030   Code   RO         6339    .text               mf_w.l(cdcmple.o)
    0x08000360   0x08000360   0x00000062   Code   RO         6356    .text               mc_w.l(uldiv.o)
    0x080003c2   0x080003c2   0x00000002   PAD
    0x080003c4   0x080003c4   0x0000009c   Code   RO         6360    .text               mc_w.l(strtod.o)
    0x08000460   0x08000460   0x00000090   Code   RO         6362    .text               mc_w.l(__strtoll.o)
    0x080004f0   0x080004f0   0x00000000   Code   RO         6364    .text               mc_w.l(iusefp.o)
    0x080004f0   0x080004f0   0x000000ba   Code   RO         6365    .text               mf_w.l(depilogue.o)
    0x080005aa   0x080005aa   0x0000014e   Code   RO         6367    .text               mf_w.l(dadd.o)
    0x080006f8   0x080006f8   0x000000e4   Code   RO         6369    .text               mf_w.l(dmul.o)
    0x080007dc   0x080007dc   0x000000de   Code   RO         6371    .text               mf_w.l(ddiv.o)
    0x080008ba   0x080008ba   0x00000030   Code   RO         6373    .text               mf_w.l(dfixul.o)
    0x080008ea   0x080008ea   0x00000002   PAD
    0x080008ec   0x080008ec   0x00000030   Code   RO         6375    .text               mf_w.l(cdrcmple.o)
    0x0800091c   0x0800091c   0x00000024   Code   RO         6377    .text               mc_w.l(init.o)
    0x08000940   0x08000940   0x0000001e   Code   RO         6379    .text               mc_w.l(llshl.o)
    0x0800095e   0x0800095e   0x00000024   Code   RO         6381    .text               mc_w.l(llsshr.o)
    0x08000982   0x08000982   0x00000002   PAD
    0x08000984   0x08000984   0x00000008   Code   RO         6385    .text               mc_w.l(ctype_o.o)
    0x0800098c   0x0800098c   0x00000012   Code   RO         6407    .text               mc_w.l(isspace_o.o)
    0x0800099e   0x0800099e   0x00000002   PAD
    0x080009a0   0x080009a0   0x00000360   Code   RO         6413    .text               mc_w.l(scanf_fp.o)
    0x08000d00   0x08000d00   0x00000040   Code   RO         6417    .text               mc_w.l(_sgetc.o)
    0x08000d40   0x08000d40   0x000000c2   Code   RO         6419    .text               mc_w.l(_strtoull.o)
    0x08000e02   0x08000e02   0x0000001c   Code   RO         6424    .text               mc_w.l(_chval.o)
    0x08000e1e   0x08000e1e   0x00000018   Code   RO         6426    .text               mf_w.l(dfltul.o)
    0x08000e36   0x08000e36   0x00000038   Code   RO         6428    .text               mf_w.l(d2f.o)
    0x08000e6e   0x08000e6e   0x0000006e   Code   RO         6430    .text               mf_w.l(fepilogue.o)
    0x08000edc   0x08000edc   0x0000003a   Code   RO         6440    .text               mc_w.l(__dczerorl.o)
    0x08000f16   0x08000f16   0x00000002   Code   RO          370    i.BusFault_Handler  stm32f1xx_it.o
    0x08000f18   0x08000f18   0x00000002   Code   RO          371    i.DebugMon_Handler  stm32f1xx_it.o
    0x08000f1a   0x08000f1a   0x00000002   PAD
    0x08000f1c   0x08000f1c   0x000002ec   Code   RO         4600    i.EM5820_init       dp_print_lib.o
    0x08001208   0x08001208   0x000003ec   Code   RO         4601    i.EM5820_printData  dp_print_lib.o
    0x080015f4   0x080015f4   0x00000324   Code   RO         4895    i.ESP8266_DataParse  esp8266.o
    0x08001918   0x08001918   0x00000004   Code   RO           13    i.Error_Handler     main.o
    0x0800191c   0x0800191c   0x00000064   Code   RO          223    i.Func_PrintCtrl    freertos.o
    0x08001980   0x08001980   0x00000084   Code   RO          224    i.Func_UsartRX      freertos.o
    0x08001a04   0x08001a04   0x00000046   Code   RO          926    i.HAL_DMA_Abort     stm32f1xx_hal_dma.o
    0x08001a4a   0x08001a4a   0x00000002   PAD
    0x08001a4c   0x08001a4c   0x00000130   Code   RO          927    i.HAL_DMA_Abort_IT  stm32f1xx_hal_dma.o
    0x08001b7c   0x08001b7c   0x000001f8   Code   RO          862    i.HAL_GPIO_Init     stm32f1xx_hal_gpio.o
    0x08001d74   0x08001d74   0x0000000a   Code   RO          866    i.HAL_GPIO_WritePin  stm32f1xx_hal_gpio.o
    0x08001d7e   0x08001d7e   0x00000002   PAD
    0x08001d80   0x08001d80   0x0000000c   Code   RO          556    i.HAL_GetTick       stm32f1xx_hal.o
    0x08001d8c   0x08001d8c   0x00000010   Code   RO          562    i.HAL_IncTick       stm32f1xx_hal.o
    0x08001d9c   0x08001d9c   0x00000024   Code   RO          563    i.HAL_Init          stm32f1xx_hal.o
    0x08001dc0   0x08001dc0   0x00000098   Code   RO          470    i.HAL_InitTick      stm32f1xx_hal_timebase_tim.o
    0x08001e58   0x08001e58   0x00000048   Code   RO          446    i.HAL_MspInit       stm32f1xx_hal_msp.o
    0x08001ea0   0x08001ea0   0x0000001a   Code   RO         1022    i.HAL_NVIC_EnableIRQ  stm32f1xx_hal_cortex.o
    0x08001eba   0x08001eba   0x00000002   PAD
    0x08001ebc   0x08001ebc   0x00000040   Code   RO         1028    i.HAL_NVIC_SetPriority  stm32f1xx_hal_cortex.o
    0x08001efc   0x08001efc   0x00000024   Code   RO         1029    i.HAL_NVIC_SetPriorityGrouping  stm32f1xx_hal_cortex.o
    0x08001f20   0x08001f20   0x0000012c   Code   RO          720    i.HAL_RCC_ClockConfig  stm32f1xx_hal_rcc.o
    0x0800204c   0x0800204c   0x00000040   Code   RO          724    i.HAL_RCC_GetClockConfig  stm32f1xx_hal_rcc.o
    0x0800208c   0x0800208c   0x00000020   Code   RO          727    i.HAL_RCC_GetPCLK1Freq  stm32f1xx_hal_rcc.o
    0x080020ac   0x080020ac   0x00000020   Code   RO          728    i.HAL_RCC_GetPCLK2Freq  stm32f1xx_hal_rcc.o
    0x080020cc   0x080020cc   0x0000004c   Code   RO          729    i.HAL_RCC_GetSysClockFreq  stm32f1xx_hal_rcc.o
    0x08002118   0x08002118   0x00000320   Code   RO          732    i.HAL_RCC_OscConfig  stm32f1xx_hal_rcc.o
    0x08002438   0x08002438   0x00000002   Code   RO         2228    i.HAL_TIMEx_BreakCallback  stm32f1xx_hal_tim_ex.o
    0x0800243a   0x0800243a   0x00000002   Code   RO         2229    i.HAL_TIMEx_CommutCallback  stm32f1xx_hal_tim_ex.o
    0x0800243c   0x0800243c   0x0000005a   Code   RO         1524    i.HAL_TIM_Base_Init  stm32f1xx_hal_tim.o
    0x08002496   0x08002496   0x00000002   Code   RO         1526    i.HAL_TIM_Base_MspInit  stm32f1xx_hal_tim.o
    0x08002498   0x08002498   0x0000006c   Code   RO         1529    i.HAL_TIM_Base_Start_IT  stm32f1xx_hal_tim.o
    0x08002504   0x08002504   0x00000002   Code   RO         1558    i.HAL_TIM_IC_CaptureCallback  stm32f1xx_hal_tim.o
    0x08002506   0x08002506   0x00000166   Code   RO         1572    i.HAL_TIM_IRQHandler  stm32f1xx_hal_tim.o
    0x0800266c   0x0800266c   0x00000002   Code   RO         1575    i.HAL_TIM_OC_DelayElapsedCallback  stm32f1xx_hal_tim.o
    0x0800266e   0x0800266e   0x00000002   Code   RO         1602    i.HAL_TIM_PWM_PulseFinishedCallback  stm32f1xx_hal_tim.o
    0x08002670   0x08002670   0x00000014   Code   RO           14    i.HAL_TIM_PeriodElapsedCallback  main.o
    0x08002684   0x08002684   0x00000002   Code   RO         1615    i.HAL_TIM_TriggerCallback  stm32f1xx_hal_tim.o
    0x08002686   0x08002686   0x0000004e   Code   RO         2506    i.HAL_UARTEx_ReceiveToIdle_IT  stm32f1xx_hal_uart.o
    0x080026d4   0x080026d4   0x000000b8   Code   RO         4550    i.HAL_UARTEx_RxEventCallback  uart.o
    0x0800278c   0x0800278c   0x00000002   Code   RO         2521    i.HAL_UART_ErrorCallback  stm32f1xx_hal_uart.o
    0x0800278e   0x0800278e   0x00000002   PAD
    0x08002790   0x08002790   0x0000026c   Code   RO         2524    i.HAL_UART_IRQHandler  stm32f1xx_hal_uart.o
    0x080029fc   0x080029fc   0x00000064   Code   RO         2525    i.HAL_UART_Init     stm32f1xx_hal_uart.o
    0x08002a60   0x08002a60   0x0000012c   Code   RO          305    i.HAL_UART_MspInit  usart.o
    0x08002b8c   0x08002b8c   0x00000002   Code   RO         2531    i.HAL_UART_RxCpltCallback  stm32f1xx_hal_uart.o
    0x08002b8e   0x08002b8e   0x0000009a   Code   RO         2533    i.HAL_UART_Transmit  stm32f1xx_hal_uart.o
    0x08002c28   0x08002c28   0x00000002   Code   RO         2536    i.HAL_UART_TxCpltCallback  stm32f1xx_hal_uart.o
    0x08002c2a   0x08002c2a   0x00000002   Code   RO          372    i.HardFault_Handler  stm32f1xx_it.o
    0x08002c2c   0x08002c2c   0x000000d8   Code   RO         4602    i.InitializePrint   dp_print_lib.o
    0x08002d04   0x08002d04   0x0000005c   Code   RO          225    i.MX_FREERTOS_Init  freertos.o
    0x08002d60   0x08002d60   0x00000098   Code   RO          199    i.MX_GPIO_Init      gpio.o
    0x08002df8   0x08002df8   0x00000038   Code   RO          306    i.MX_USART1_UART_Init  usart.o
    0x08002e30   0x08002e30   0x00000038   Code   RO          307    i.MX_USART2_UART_Init  usart.o
    0x08002e68   0x08002e68   0x0000003c   Code   RO          308    i.MX_USART3_UART_Init  usart.o
    0x08002ea4   0x08002ea4   0x00000002   Code   RO          373    i.MemManage_Handler  stm32f1xx_it.o
    0x08002ea6   0x08002ea6   0x00000002   Code   RO          374    i.NMI_Handler       stm32f1xx_it.o
    0x08002ea8   0x08002ea8   0x0000007c   Code   RO         4608    i.Print_ASCII       dp_print_lib.o
    0x08002f24   0x08002f24   0x00000140   Code   RO         4611    i.Sel_Align_Way     dp_print_lib.o
    0x08003064   0x08003064   0x00000140   Code   RO         4614    i.SetBold           dp_print_lib.o
    0x080031a4   0x080031a4   0x00000150   Code   RO         4615    i.SetCharacterSize  dp_print_lib.o
    0x080032f4   0x080032f4   0x00000008   Code   RO          226    i.StartDefaultTask  freertos.o
    0x080032fc   0x080032fc   0x0000002c   Code   RO         4444    i.SysTick_Handler   port.o
    0x08003328   0x08003328   0x0000005e   Code   RO           15    i.SystemClock_Config  main.o
    0x08003386   0x08003386   0x00000002   Code   RO         2859    i.SystemInit        system_stm32f1xx.o
    0x08003388   0x08003388   0x0000000c   Code   RO          375    i.TIM6_IRQHandler   stm32f1xx_it.o
    0x08003394   0x08003394   0x0000008c   Code   RO         1617    i.TIM_Base_SetConfig  stm32f1xx_hal_tim.o
    0x08003420   0x08003420   0x00000010   Code   RO         2538    i.UART_DMAAbortOnError  stm32f1xx_hal_uart.o
    0x08003430   0x08003430   0x0000004e   Code   RO         2548    i.UART_EndRxTransfer  stm32f1xx_hal_uart.o
    0x0800347e   0x0800347e   0x000000c2   Code   RO         2550    i.UART_Receive_IT   stm32f1xx_hal_uart.o
    0x08003540   0x08003540   0x0000001e   Code   RO         4552    i.UART_SendByte     uart.o
    0x0800355e   0x0800355e   0x00000002   PAD
    0x08003560   0x08003560   0x000000b8   Code   RO         2551    i.UART_SetConfig    stm32f1xx_hal_uart.o
    0x08003618   0x08003618   0x00000036   Code   RO         2553    i.UART_Start_Receive_IT  stm32f1xx_hal_uart.o
    0x0800364e   0x0800364e   0x00000078   Code   RO         2554    i.UART_WaitOnFlagUntilTimeout  stm32f1xx_hal_uart.o
    0x080036c6   0x080036c6   0x00000002   PAD
    0x080036c8   0x080036c8   0x0000000c   Code   RO          376    i.USART1_IRQHandler  stm32f1xx_it.o
    0x080036d4   0x080036d4   0x0000000c   Code   RO          377    i.USART2_IRQHandler  stm32f1xx_it.o
    0x080036e0   0x080036e0   0x00000002   Code   RO          378    i.UsageFault_Handler  stm32f1xx_it.o
    0x080036e2   0x080036e2   0x00000002   PAD
    0x080036e4   0x080036e4   0x00000020   Code   RO         6272    i.__0printf         mc_w.l(printfa.o)
    0x08003704   0x08003704   0x00000030   Code   RO         6273    i.__0snprintf       mc_w.l(printfa.o)
    0x08003734   0x08003734   0x00000028   Code   RO         6274    i.__0sprintf        mc_w.l(printfa.o)
    0x0800375c   0x0800375c   0x0000002c   Code   RO         6277    i.__0vsnprintf      mc_w.l(printfa.o)
    0x08003788   0x08003788   0x0000001a   Code   RO         5762    i.__ARM_common_switch8  jansson_CM3LE.lib(hashtable.o)
    0x080037a2   0x080037a2   0x00000016   Code   RO         5533    i.__ARM_isinf       jansson_CM3LE.lib(value.o)
    0x080037b8   0x080037b8   0x00000018   Code   RO         5538    i.__ARM_isnan       jansson_CM3LE.lib(value.o)
    0x080037d0   0x080037d0   0x00000020   Code   RO         1035    i.__NVIC_SetPriority  stm32f1xx_hal_cortex.o
    0x080037f0   0x080037f0   0x00000008   Code   RO         6328    i.__aeabi_errno_addr  mc_w.l(errno.o)
    0x080037f8   0x080037f8   0x0000000e   Code   RO         6434    i.__scatterload_copy  mc_w.l(handlers.o)
    0x08003806   0x08003806   0x00000002   Code   RO         6435    i.__scatterload_null  mc_w.l(handlers.o)
    0x08003808   0x08003808   0x0000000e   Code   RO         6436    i.__scatterload_zeroinit  mc_w.l(handlers.o)
    0x08003816   0x08003816   0x00000002   PAD
    0x08003818   0x08003818   0x00000184   Code   RO         6279    i._fp_digits        mc_w.l(printfa.o)
    0x0800399c   0x0800399c   0x0000000e   Code   RO         6415    i._is_digit         mc_w.l(scanf_fp.o)
    0x080039aa   0x080039aa   0x00000002   PAD
    0x080039ac   0x080039ac   0x000006dc   Code   RO         6280    i._printf_core      mc_w.l(printfa.o)
    0x08004088   0x08004088   0x00000024   Code   RO         6281    i._printf_post_padding  mc_w.l(printfa.o)
    0x080040ac   0x080040ac   0x0000002e   Code   RO         6282    i._printf_pre_padding  mc_w.l(printfa.o)
    0x080040da   0x080040da   0x00000016   Code   RO         6283    i._snputc           mc_w.l(printfa.o)
    0x080040f0   0x080040f0   0x0000000a   Code   RO         6284    i._sputc            mc_w.l(printfa.o)
    0x080040fa   0x080040fa   0x00000018   Code   RO         5187    i.array_copy        jansson_CM3LE.lib(value.o)
    0x08004112   0x08004112   0x00000016   Code   RO         5637    i.bucket_is_empty   jansson_CM3LE.lib(hashtable.o)
    0x08004128   0x08004128   0x0000004c   Code   RO         4992    i.decode_unicode_escape  jansson_CM3LE.lib(load.o)
    0x08004174   0x08004174   0x000000c0   Code   RO         4993    i.error_set         jansson_CM3LE.lib(load.o)
    0x08004234   0x08004234   0x00000024   Code   RO          310    i.fputc             usart.o
    0x08004258   0x08004258   0x00000050   Code   RO         6300    i.free              mc_w.l(malloc.o)
    0x080042a8   0x080042a8   0x00000144   Code   RO         5638    i.hashlittle        jansson_CM3LE.lib(hashtable.o)
    0x080043ec   0x080043ec   0x00000010   Code   RO         5640    i.hashtable_close   jansson_CM3LE.lib(hashtable.o)
    0x080043fc   0x080043fc   0x00000022   Code   RO         5642    i.hashtable_do_clear  jansson_CM3LE.lib(hashtable.o)
    0x0800441e   0x0800441e   0x00000076   Code   RO         5644    i.hashtable_do_rehash  jansson_CM3LE.lib(hashtable.o)
    0x08004494   0x08004494   0x0000003c   Code   RO         5645    i.hashtable_find_pair  jansson_CM3LE.lib(hashtable.o)
    0x080044d0   0x080044d0   0x00000040   Code   RO         5646    i.hashtable_get     jansson_CM3LE.lib(hashtable.o)
    0x08004510   0x08004510   0x00000048   Code   RO         5647    i.hashtable_init    jansson_CM3LE.lib(hashtable.o)
    0x08004558   0x08004558   0x000000ac   Code   RO         5655    i.hashtable_set     jansson_CM3LE.lib(hashtable.o)
    0x08004604   0x08004604   0x0000002a   Code   RO         5656    i.insert_to_bucket  jansson_CM3LE.lib(hashtable.o)
    0x0800462e   0x0800462e   0x00000036   Code   RO         5189    i.json_array        jansson_CM3LE.lib(value.o)
    0x08004664   0x08004664   0x00000048   Code   RO         5190    i.json_array_append_new  jansson_CM3LE.lib(value.o)
    0x080046ac   0x080046ac   0x0000001c   Code   RO         5193    i.json_array_get    jansson_CM3LE.lib(value.o)
    0x080046c8   0x080046c8   0x0000004c   Code   RO         5194    i.json_array_grow   jansson_CM3LE.lib(value.o)
    0x08004714   0x08004714   0x00000012   Code   RO         5198    i.json_array_size   jansson_CM3LE.lib(value.o)
    0x08004726   0x08004726   0x00000016   Code   RO         4897    i.json_decref       esp8266.o
    0x0800473c   0x0800473c   0x00000018   Code   RO         4994    i.json_decref       jansson_CM3LE.lib(load.o)
    0x08004754   0x08004754   0x00000018   Code   RO         5200    i.json_decref       jansson_CM3LE.lib(value.o)
    0x0800476c   0x0800476c   0x00000018   Code   RO         5657    i.json_decref       jansson_CM3LE.lib(hashtable.o)
    0x08004784   0x08004784   0x00000054   Code   RO         5202    i.json_delete       jansson_CM3LE.lib(value.o)
    0x080047d8   0x080047d8   0x00000008   Code   RO         5204    i.json_false        jansson_CM3LE.lib(value.o)
    0x080047e0   0x080047e0   0x00000010   Code   RO         4995    i.json_incref       jansson_CM3LE.lib(load.o)
    0x080047f0   0x080047f0   0x0000001c   Code   RO         5206    i.json_integer      jansson_CM3LE.lib(value.o)
    0x0800480c   0x0800480c   0x00000018   Code   RO         5208    i.json_integer_value  jansson_CM3LE.lib(value.o)
    0x08004824   0x08004824   0x00000074   Code   RO         5000    i.json_loads        jansson_CM3LE.lib(load.o)
    0x08004898   0x08004898   0x00000008   Code   RO         5209    i.json_null         jansson_CM3LE.lib(value.o)
    0x080048a0   0x080048a0   0x0000004c   Code   RO         5211    i.json_object       jansson_CM3LE.lib(value.o)
    0x080048ec   0x080048ec   0x0000001c   Code   RO         5216    i.json_object_get   jansson_CM3LE.lib(value.o)
    0x08004908   0x08004908   0x00000028   Code   RO         5975    i.json_object_seed  jansson_CM3LE.lib(hashtable_seed.o)
    0x08004930   0x08004930   0x00000040   Code   RO         5225    i.json_object_set_new_nocheck  jansson_CM3LE.lib(value.o)
    0x08004970   0x08004970   0x00000034   Code   RO         5231    i.json_real         jansson_CM3LE.lib(value.o)
    0x080049a4   0x080049a4   0x00000012   Code   RO         5242    i.json_string_value  jansson_CM3LE.lib(value.o)
    0x080049b6   0x080049b6   0x00000002   PAD
    0x080049b8   0x080049b8   0x00000008   Code   RO         5245    i.json_true         jansson_CM3LE.lib(value.o)
    0x080049c0   0x080049c0   0x00000022   Code   RO         5582    i.jsonp_error_init  jansson_CM3LE.lib(error.o)
    0x080049e2   0x080049e2   0x00000010   Code   RO         5583    i.jsonp_error_set   jansson_CM3LE.lib(error.o)
    0x080049f2   0x080049f2   0x00000002   PAD
    0x080049f4   0x080049f4   0x0000003c   Code   RO         5584    i.jsonp_error_set_source  jansson_CM3LE.lib(error.o)
    0x08004a30   0x08004a30   0x0000002c   Code   RO         5585    i.jsonp_error_vset  jansson_CM3LE.lib(error.o)
    0x08004a5c   0x08004a5c   0x00000010   Code   RO         5797    i.jsonp_free        jansson_CM3LE.lib(memory.o)
    0x08004a6c   0x08004a6c   0x00000010   Code   RO         5798    i.jsonp_malloc      jansson_CM3LE.lib(memory.o)
    0x08004a7c   0x08004a7c   0x0000000a   Code   RO         5246    i.jsonp_stringn_nocheck_own  jansson_CM3LE.lib(value.o)
    0x08004a86   0x08004a86   0x00000024   Code   RO         5800    i.jsonp_strndup     jansson_CM3LE.lib(memory.o)
    0x08004aaa   0x08004aaa   0x00000002   PAD
    0x08004aac   0x08004aac   0x00000064   Code   RO         5903    i.jsonp_strtod      jansson_CM3LE.lib(strconv.o)
    0x08004b10   0x08004b10   0x0000001c   Code   RO         5001    i.lex_close         jansson_CM3LE.lib(load.o)
    0x08004b2c   0x08004b2c   0x00000012   Code   RO         5002    i.lex_free_string   jansson_CM3LE.lib(load.o)
    0x08004b3e   0x08004b3e   0x00000008   Code   RO         5003    i.lex_get           jansson_CM3LE.lib(load.o)
    0x08004b46   0x08004b46   0x0000001e   Code   RO         5004    i.lex_get_save      jansson_CM3LE.lib(load.o)
    0x08004b64   0x08004b64   0x00000030   Code   RO         5005    i.lex_init          jansson_CM3LE.lib(load.o)
    0x08004b94   0x08004b94   0x0000000c   Code   RO         5006    i.lex_save          jansson_CM3LE.lib(load.o)
    0x08004ba0   0x08004ba0   0x00000138   Code   RO         5007    i.lex_scan          jansson_CM3LE.lib(load.o)
    0x08004cd8   0x08004cd8   0x0000018c   Code   RO         5008    i.lex_scan_number   jansson_CM3LE.lib(load.o)
    0x08004e64   0x08004e64   0x00000288   Code   RO         5009    i.lex_scan_string   jansson_CM3LE.lib(load.o)
    0x080050ec   0x080050ec   0x00000026   Code   RO         5010    i.lex_unget_unsave  jansson_CM3LE.lib(load.o)
    0x08005112   0x08005112   0x0000000e   Code   RO         5658    i.list_insert       jansson_CM3LE.lib(hashtable.o)
    0x08005120   0x08005120   0x00000026   Code   RO           16    i.main              main.o
    0x08005146   0x08005146   0x00000002   PAD
    0x08005148   0x08005148   0x0000006c   Code   RO         6301    i.malloc            mc_w.l(malloc.o)
    0x080051b4   0x080051b4   0x00000034   Code   RO         3973    i.osDelay           cmsis_os2.o
    0x080051e8   0x080051e8   0x00000038   Code   RO         3987    i.osKernelInitialize  cmsis_os2.o
    0x08005220   0x08005220   0x00000040   Code   RO         3990    i.osKernelStart     cmsis_os2.o
    0x08005260   0x08005260   0x000000a4   Code   RO         4024    i.osThreadNew       cmsis_os2.o
    0x08005304   0x08005304   0x00000094   Code   RO         5011    i.parse_array       jansson_CM3LE.lib(load.o)
    0x08005398   0x08005398   0x00000094   Code   RO         5012    i.parse_json        jansson_CM3LE.lib(load.o)
    0x0800542c   0x0800542c   0x00000180   Code   RO         5013    i.parse_object      jansson_CM3LE.lib(load.o)
    0x080055ac   0x080055ac   0x00000140   Code   RO         5014    i.parse_value       jansson_CM3LE.lib(load.o)
    0x080056ec   0x080056ec   0x00000070   Code   RO         4640    i.print_And_Line    dp_print_lib.o
    0x0800575c   0x0800575c   0x0000005c   Code   RO         3458    i.prvAddCurrentTaskToDelayedList  tasks.o
    0x080057b8   0x080057b8   0x000000d0   Code   RO         3459    i.prvAddNewTaskToReadyList  tasks.o
    0x08005888   0x08005888   0x00000058   Code   RO         3819    i.prvCheckForValidListAndQueue  timers.o
    0x080058e0   0x080058e0   0x00000026   Code   RO         3064    i.prvCopyDataFromQueue  queue.o
    0x08005906   0x08005906   0x0000006c   Code   RO         3065    i.prvCopyDataToQueue  queue.o
    0x08005972   0x08005972   0x00000034   Code   RO         3460    i.prvDeleteTCB      tasks.o
    0x080059a6   0x080059a6   0x00000002   PAD
    0x080059a8   0x080059a8   0x00000048   Code   RO         4394    i.prvHeapInit       heap_4.o
    0x080059f0   0x080059f0   0x00000060   Code   RO         3461    i.prvIdleTask       tasks.o
    0x08005a50   0x08005a50   0x00000022   Code   RO         3067    i.prvInitialiseNewQueue  queue.o
    0x08005a72   0x08005a72   0x0000009c   Code   RO         3462    i.prvInitialiseNewTask  tasks.o
    0x08005b0e   0x08005b0e   0x00000002   PAD
    0x08005b10   0x08005b10   0x0000004c   Code   RO         4395    i.prvInsertBlockIntoFreeList  heap_4.o
    0x08005b5c   0x08005b5c   0x00000038   Code   RO         3821    i.prvInsertTimerInActiveList  timers.o
    0x08005b94   0x08005b94   0x0000001c   Code   RO         3068    i.prvIsQueueEmpty   queue.o
    0x08005bb0   0x08005bb0   0x000000cc   Code   RO         3822    i.prvProcessReceivedCommands  timers.o
    0x08005c7c   0x08005c7c   0x000000b4   Code   RO         3823    i.prvProcessTimerOrBlockTask  timers.o
    0x08005d30   0x08005d30   0x00000020   Code   RO         3464    i.prvResetNextTaskUnblockTime  tasks.o
    0x08005d50   0x08005d50   0x00000028   Code   RO         3824    i.prvSampleTimeNow  timers.o
    0x08005d78   0x08005d78   0x00000056   Code   RO         3465    i.prvSearchForNameWithinSingleList  tasks.o
    0x08005dce   0x08005dce   0x00000002   PAD
    0x08005dd0   0x08005dd0   0x0000006c   Code   RO         3825    i.prvSwitchTimerLists  timers.o
    0x08005e3c   0x08005e3c   0x00000028   Code   RO         4445    i.prvTaskExitError  port.o
    0x08005e64   0x08005e64   0x00000024   Code   RO         3826    i.prvTimerTask      timers.o
    0x08005e88   0x08005e88   0x0000006a   Code   RO         3069    i.prvUnlockQueue    queue.o
    0x08005ef2   0x08005ef2   0x00000002   PAD
    0x08005ef4   0x08005ef4   0x000000d8   Code   RO         4396    i.pvPortMalloc      heap_4.o
    0x08005fcc   0x08005fcc   0x00000024   Code   RO         4446    i.pxPortInitialiseStack  port.o
    0x08005ff0   0x08005ff0   0x00000004   Code   RO         4978    i.seed_from_timestamp_and_pid  jansson_config.o
    0x08005ff4   0x08005ff4   0x00000016   Code   RO         4641    i.select_lines      dp_print_lib.o
    0x0800600a   0x0800600a   0x0000000c   Code   RO         5843    i.strbuffer_append_byte  jansson_CM3LE.lib(strbuffer.o)
    0x08006016   0x08006016   0x00000002   PAD
    0x08006018   0x08006018   0x00000070   Code   RO         5844    i.strbuffer_append_bytes  jansson_CM3LE.lib(strbuffer.o)
    0x08006088   0x08006088   0x0000000a   Code   RO         5845    i.strbuffer_clear   jansson_CM3LE.lib(strbuffer.o)
    0x08006092   0x08006092   0x00000018   Code   RO         5846    i.strbuffer_close   jansson_CM3LE.lib(strbuffer.o)
    0x080060aa   0x080060aa   0x00000022   Code   RO         5847    i.strbuffer_init    jansson_CM3LE.lib(strbuffer.o)
    0x080060cc   0x080060cc   0x00000018   Code   RO         5848    i.strbuffer_pop     jansson_CM3LE.lib(strbuffer.o)
    0x080060e4   0x080060e4   0x00000004   Code   RO         5850    i.strbuffer_value   jansson_CM3LE.lib(strbuffer.o)
    0x080060e8   0x080060e8   0x000000e4   Code   RO         5015    i.stream_get        jansson_CM3LE.lib(load.o)
    0x080061cc   0x080061cc   0x0000004a   Code   RO         5016    i.stream_unget      jansson_CM3LE.lib(load.o)
    0x08006216   0x08006216   0x0000003e   Code   RO         5247    i.string_create     jansson_CM3LE.lib(value.o)
    0x08006254   0x08006254   0x00000018   Code   RO         5017    i.string_get        jansson_CM3LE.lib(load.o)
    0x0800626c   0x0800626c   0x0000001c   Code   RO         5994    i.strtod            m_ws.l(strtod.o)
    0x08006288   0x08006288   0x00000068   Code   RO         3469    i.ulTaskNotifyTake  tasks.o
    0x080062f0   0x080062f0   0x0000002c   Code   RO         4939    i.unicodeToGbk      utf2gbk2312.o
    0x0800631c   0x0800631c   0x00000050   Code   RO         4940    i.utf8ToGbk2312     utf2gbk2312.o
    0x0800636c   0x0800636c   0x0000004c   Code   RO         4941    i.utf8ToUnicode     utf2gbk2312.o
    0x080063b8   0x080063b8   0x0000003c   Code   RO         5939    i.utf8_check_first  jansson_CM3LE.lib(utf.o)
    0x080063f4   0x080063f4   0x00000088   Code   RO         5940    i.utf8_check_full   jansson_CM3LE.lib(utf.o)
    0x0800647c   0x0800647c   0x0000007c   Code   RO         5942    i.utf8_encode       jansson_CM3LE.lib(utf.o)
    0x080064f8   0x080064f8   0x00000026   Code   RO         3024    i.uxListRemove      list.o
    0x0800651e   0x0800651e   0x00000002   PAD
    0x08006520   0x08006520   0x00000014   Code   RO         4036    i.vApplicationGetIdleTaskMemory  cmsis_os2.o
    0x08006534   0x08006534   0x00000018   Code   RO         4037    i.vApplicationGetTimerTaskMemory  cmsis_os2.o
    0x0800654c   0x0800654c   0x00000016   Code   RO         3025    i.vListInitialise   list.o
    0x08006562   0x08006562   0x00000006   Code   RO         3026    i.vListInitialiseItem  list.o
    0x08006568   0x08006568   0x00000030   Code   RO         3027    i.vListInsert       list.o
    0x08006598   0x08006598   0x00000018   Code   RO         3028    i.vListInsertEnd    list.o
    0x080065b0   0x080065b0   0x00000040   Code   RO         4448    i.vPortEnterCritical  port.o
    0x080065f0   0x080065f0   0x00000028   Code   RO         4449    i.vPortExitCritical  port.o
    0x08006618   0x08006618   0x0000005c   Code   RO         4397    i.vPortFree         heap_4.o
    0x08006674   0x08006674   0x00000024   Code   RO         4450    i.vPortSetupTimerInterrupt  port.o
    0x08006698   0x08006698   0x00000054   Code   RO         4451    i.vPortValidateInterruptPriority  port.o
    0x080066ec   0x080066ec   0x00000028   Code   RO         3075    i.vQueueAddToRegistry  queue.o
    0x08006714   0x08006714   0x00000044   Code   RO         3079    i.vQueueWaitForMessageRestricted  queue.o
    0x08006758   0x08006758   0x0000004c   Code   RO         3477    i.vTaskDelay        tasks.o
    0x080067a4   0x080067a4   0x00000010   Code   RO         3482    i.vTaskInternalSetTimeOutState  tasks.o
    0x080067b4   0x080067b4   0x0000000c   Code   RO         3483    i.vTaskMissedYield  tasks.o
    0x080067c0   0x080067c0   0x00000030   Code   RO         3485    i.vTaskPlaceOnEventList  tasks.o
    0x080067f0   0x080067f0   0x00000038   Code   RO         3486    i.vTaskPlaceOnEventListRestricted  tasks.o
    0x08006828   0x08006828   0x00000088   Code   RO         3494    i.vTaskStartScheduler  tasks.o
    0x080068b0   0x080068b0   0x00000010   Code   RO         3496    i.vTaskSuspendAll   tasks.o
    0x080068c0   0x080068c0   0x00000064   Code   RO         3497    i.vTaskSwitchContext  tasks.o
    0x08006924   0x08006924   0x000000a8   Code   RO         4452    i.xPortStartScheduler  port.o
    0x080069cc   0x080069cc   0x00000066   Code   RO         3085    i.xQueueGenericCreateStatic  queue.o
    0x08006a32   0x08006a32   0x00000002   PAD
    0x08006a34   0x08006a34   0x00000088   Code   RO         3086    i.xQueueGenericReset  queue.o
    0x08006abc   0x08006abc   0x00000160   Code   RO         3087    i.xQueueGenericSend  queue.o
    0x08006c1c   0x08006c1c   0x000000bc   Code   RO         3088    i.xQueueGenericSendFromISR  queue.o
    0x08006cd8   0x08006cd8   0x00000138   Code   RO         3097    i.xQueueReceive     queue.o
    0x08006e10   0x08006e10   0x00000074   Code   RO         3498    i.xTaskCheckForTimeOut  tasks.o
    0x08006e84   0x08006e84   0x0000005a   Code   RO         3499    i.xTaskCreate       tasks.o
    0x08006ede   0x08006ede   0x00000056   Code   RO         3500    i.xTaskCreateStatic  tasks.o
    0x08006f34   0x08006f34   0x000000c8   Code   RO         3501    i.xTaskGenericNotify  tasks.o
    0x08006ffc   0x08006ffc   0x00000088   Code   RO         3504    i.xTaskGetHandle    tasks.o
    0x08007084   0x08007084   0x0000001c   Code   RO         3505    i.xTaskGetSchedulerState  tasks.o
    0x080070a0   0x080070a0   0x0000000c   Code   RO         3506    i.xTaskGetTickCount  tasks.o
    0x080070ac   0x080070ac   0x000000c8   Code   RO         3508    i.xTaskIncrementTick  tasks.o
    0x08007174   0x08007174   0x00000080   Code   RO         3511    i.xTaskPriorityDisinherit  tasks.o
    0x080071f4   0x080071f4   0x00000070   Code   RO         3513    i.xTaskRemoveFromEventList  tasks.o
    0x08007264   0x08007264   0x000000c4   Code   RO         3514    i.xTaskResumeAll    tasks.o
    0x08007328   0x08007328   0x00000060   Code   RO         3833    i.xTimerCreateTimerTask  timers.o
    0x08007388   0x08007388   0x00000068   Code   RO         3834    i.xTimerGenericCommand  timers.o
    0x080073f0   0x080073f0   0x0000006c   Data   RO          227    .constdata          freertos.o
    0x0800745c   0x0800745c   0x00000012   Data   RO          733    .constdata          stm32f1xx_hal_rcc.o
    0x0800746e   0x0800746e   0x00000010   Data   RO         2860    .constdata          system_stm32f1xx.o
    0x0800747e   0x0800747e   0x00000008   Data   RO         2861    .constdata          system_stm32f1xx.o
    0x08007486   0x08007486   0x00000081   Data   RO         6386    .constdata          mc_w.l(ctype_o.o)
    0x08007507   0x08007507   0x00000001   PAD
    0x08007508   0x08007508   0x00000004   Data   RO         6387    .constdata          mc_w.l(ctype_o.o)
    0x0800750c   0x0800750c   0x0000002b   Data   RO          228    .conststring        freertos.o
    0x08007537   0x08007537   0x00000001   PAD
    0x08007538   0x08007538   0x00000020   Data   RO         6432    Region$$Table       anon$$obj.o


    Execution Region RW_IRAM1 (Exec base: 0x20000000, Load base: 0x08007558, Size: 0x0000ff50, Max: 0x00010000, ABSOLUTE, COMPRESSED[0x00003c64])

    Exec Addr    Load Addr    Size         Type   Attr      Idx    E Section Name        Object

    0x20000000   COMPRESSED   0x0000000c   Data   RW          230    .data               freertos.o
    0x2000000c   COMPRESSED   0x0000000c   Data   RW          570    .data               stm32f1xx_hal.o
    0x20000018   COMPRESSED   0x00000004   Data   RW         2862    .data               system_stm32f1xx.o
    0x2000001c   COMPRESSED   0x0000003c   Data   RW         3517    .data               tasks.o
    0x20000058   COMPRESSED   0x00000014   Data   RW         3842    .data               timers.o
    0x2000006c   COMPRESSED   0x00000004   Data   RW         4039    .data               cmsis_os2.o
    0x20000070   COMPRESSED   0x00000018   Data   RW         4402    .data               heap_4.o
    0x20000088   COMPRESSED   0x0000000c   Data   RW         4453    .data               port.o
    0x20000094   COMPRESSED   0x00002804   Data   RW         4554    .data               uart.o
    0x20002898   COMPRESSED   0x00000001   Data   RW         4642    .data               dp_print_lib.o
    0x20002899   COMPRESSED   0x00000001   PAD
    0x2000289a   COMPRESSED   0x00003b3c   Data   RW         4942    .data               utf2gbk2312.o
    0x200063d6   COMPRESSED   0x00000002   PAD
    0x200063d8   COMPRESSED   0x00000018   Data   RW         5248    .data               jansson_CM3LE.lib(value.o)
    0x200063f0   COMPRESSED   0x00000008   Data   RW         5801    .data               jansson_CM3LE.lib(memory.o)
    0x200063f8   COMPRESSED   0x00000004   Data   RW         5976    .data               jansson_CM3LE.lib(hashtable_seed.o)
    0x200063fc   COMPRESSED   0x00000004   Data   RW         6331    .data               mc_w.l(errno.o)
    0x20006400   COMPRESSED   0x00000004   Data   RW         6355    .data               mc_w.l(stdout.o)
    0x20006404   COMPRESSED   0x00000004   Data   RW         6358    .data               mc_w.l(mvars.o)
    0x20006408   COMPRESSED   0x00000004   Data   RW         6359    .data               mc_w.l(mvars.o)
    0x2000640c        -       0x000000d8   Zero   RW          311    .bss                usart.o
    0x200064e4        -       0x00000048   Zero   RW          473    .bss                stm32f1xx_hal_timebase_tim.o
    0x2000652c        -       0x00000040   Zero   RW         3101    .bss                queue.o
    0x2000656c        -       0x000004c4   Zero   RW         3516    .bss                tasks.o
    0x20006a30        -       0x00000118   Zero   RW         3841    .bss                timers.o
    0x20006b48        -       0x000006b8   Zero   RW         4038    .bss                cmsis_os2.o
    0x20007200        -       0x00001b58   Zero   RW         4401    .bss                heap_4.o
    0x20008d58        -       0x00000400   Zero   RW         4553    .bss                uart.o
    0x20009158        -       0x00000df4   Zero   RW         4898    .bss                esp8266.o
    0x20009f4c   COMPRESSED   0x00000004   PAD
    0x20009f50        -       0x00004000   Zero   RW            2    HEAP                startup_stm32f103xe.o
    0x2000df50        -       0x00002000   Zero   RW            1    STACK               startup_stm32f103xe.o


==============================================================================

Image component sizes


      Code (inc. data)   RO Data    RW Data    ZI Data      Debug   Object Name

       380         32          0          4       1720      14086   cmsis_os2.o
      3202        370          0          1          0       5882   dp_print_lib.o
       826        230          0          0       3572       6580   esp8266.o
         0          0          0          0          0      20012   event_groups.o
       332        104        151         12          0       9100   freertos.o
       152         14          0          0          0        879   gpio.o
       456         22          0         24       7000       4519   heap_4.o
         4          0          0          0          0        794   jansson_config.o
       138          0          0          0          0       3242   list.o
       156          6          0          0          0     498236   main.o
       662         70          0         12          0      10521   port.o
      1512         20          0          0         64      14080   queue.o
        36          8        304          0      24576        780   startup_stm32f103xe.o
        64         14          0         12          0       5102   stm32f1xx_hal.o
       158         14          0          0          0      28058   stm32f1xx_hal_cortex.o
       374          8          0          0          0       1763   stm32f1xx_hal_dma.o
       514         42          0          0          0       2836   stm32f1xx_hal_gpio.o
        72         10          0          0          0        822   stm32f1xx_hal_msp.o
      1304         94         18          0          0       5569   stm32f1xx_hal_rcc.o
       706         40          0          0          0       6856   stm32f1xx_hal_tim.o
         4          0          0          0          0       1509   stm32f1xx_hal_tim_ex.o
       152         20          0          0         72       1403   stm32f1xx_hal_timebase_tim.o
      1604         10          0          0          0      10713   stm32f1xx_hal_uart.o
        48         18          0          0          0       3671   stm32f1xx_it.o
         0          0          0          0          0       8832   stream_buffer.o
         2          0         24          4          0       1047   system_stm32f1xx.o
      2590        210          0         60       1220      26541   tasks.o
       912         82          0         20        280      25595   timers.o
       214         80          0      10244       1024       1976   uart.o
       508         56          0          0        216       3440   usart.o
       200          4          0      15164          0       3309   utf2gbk2312.o

    ----------------------------------------------------------------------
     17314       1578        530      25560      39748     727753   Object Totals
         0          0         32          0          0          0   (incl. Generated)
        32          0          1          3          4          0   (incl. Padding)

    ----------------------------------------------------------------------

      Code (inc. data)   RO Data    RW Data    ZI Data      Debug   Library Member Name

       154          4          0          0          0       6477   error.o
       988         32          0          0          0      15308   hashtable.o
        40          6          0          4          0       1280   hashtable_seed.o
      3288        680          0          0          0      24773   load.o
        68          8          0          8          0       5614   memory.o
       220          4          0          0          0       4432   strbuffer.o
       100         10          0          0          0       1151   strconv.o
       320         14          0          0          0       2507   utf.o
       812         32          0         24          0      21506   value.o
        28          0          0          0          0         80   strtod.o
        58          0          0          0          0          0   __dczerorl.o
       144          0          0          0          0         88   __strtoll.o
        28          0          0          0          0         68   _chval.o
        64          0          0          0          0         84   _sgetc.o
       194          0          0          0          0         96   _strtoull.o
         8          4        133          0          0         68   ctype_o.o
         0          0          0          0          0          0   entry.o
         0          0          0          0          0          0   entry10a.o
         0          0          0          0          0          0   entry11a.o
         8          4          0          0          0          0   entry2.o
         4          0          0          0          0          0   entry5.o
         0          0          0          0          0          0   entry7b.o
         0          0          0          0          0          0   entry8b.o
         8          4          0          0          0          0   entry9a.o
         8          4          0          4          0         68   errno.o
        30          0          0          0          0          0   handlers.o
        36          8          0          0          0         68   init.o
        18          0          0          0          0         76   isspace_o.o
         0          0          0          0          0          0   iusefp.o
        30          0          0          0          0         68   llshl.o
        36          0          0          0          0         68   llsshr.o
        32          0          0          0          0         68   llushr.o
       188         20          0          0          0        160   malloc.o
        20          0          0          0          0         68   memchr.o
        64          0          0          0          0         76   memmovea.o
        36          0          0          0          0        108   memseta.o
         0          0          0          8          0          0   mvars.o
      2422        104          0          0          0        836   printfa.o
       878         12          0          0          0        216   scanf_fp.o
         0          0          0          4          0          0   stdout.o
        20          0          0          0          0         68   strchr.o
        28          0          0          0          0         76   strcmp.o
        18          0          0          0          0         68   strcpy.o
        14          0          0          0          0         68   strlen.o
        24          0          0          0          0         76   strncpy.o
       156         12          0          0          0        120   strtod.o
         4          0          0          0          0         68   strtoll.o
        44          0          0          0          0         80   uidiv.o
        98          0          0          0          0         92   uldiv.o
        48          0          0          0          0         68   cdcmple.o
        48          0          0          0          0         68   cdrcmple.o
        56          0          0          0          0         88   d2f.o
       334          0          0          0          0        148   dadd.o
       222          0          0          0          0        100   ddiv.o
       186          0          0          0          0        176   depilogue.o
        48          0          0          0          0         68   dfixul.o
        24          0          0          0          0         76   dfltul.o
       228          0          0          0          0         96   dmul.o
       110          0          0          0          0        168   fepilogue.o

    ----------------------------------------------------------------------
     12062        962        134         52          0      87184   Library Totals
        20          0          1          0          0          0   (incl. Padding)

    ----------------------------------------------------------------------

      Code (inc. data)   RO Data    RW Data    ZI Data      Debug   Library Name

      5990        790          0         36          0      83048   jansson_CM3LE.lib
        28          0          0          0          0         80   m_ws.l
      4720        172        133         16          0       3000   mc_w.l
      1304          0          0          0          0       1056   mf_w.l

    ----------------------------------------------------------------------
     12062        962        134         52          0      87184   Library Totals

    ----------------------------------------------------------------------

==============================================================================


      Code (inc. data)   RO Data    RW Data    ZI Data      Debug   

     29376       2540        664      25612      39748     801697   Grand Totals
     29376       2540        664      15460      39748     801697   ELF Image Totals (compressed)
     29376       2540        664      15460          0          0   ROM Totals

==============================================================================

    Total RO  Size (Code + RO Data)                30040 (  29.34kB)
    Total RW  Size (RW Data + ZI Data)             65360 (  63.83kB)
    Total ROM Size (Code + RO Data + RW Data)      45500 (  44.43kB)

==============================================================================

